******************************************************************************
                  TI ARM Linker Unix v18.12.5                  
******************************************************************************
>> Linked Fri Oct 16 10:16:23 2020

OUTPUT FILE NAME:   <portIRQ.out>
ENTRY POINT SYMBOL: "_c_int00_noargs"  address: 000005f1


MEMORY CONFIGURATION

         name            origin    length      used     unused   attr    fill
----------------------  --------  ---------  --------  --------  ----  --------
  MAIN                  00000000   00040000  00000660  0003f9a0  R  X
  INFO                  00200000   00004000  00000000  00004000  R  X
  SRAM_CODE             01000000   00010000  00000204  0000fdfc  RW X
  SRAM_DATA             20000000   00010000  00000204  0000fdfc  RW  


SEGMENT ALLOCATION MAP

run origin  load origin   length   init length attrs members
----------  ----------- ---------- ----------- ----- -------
00000000    00000000    00000660   00000660    r-x
  00000000    00000000    000000e4   000000e4    r-- .intvecs
  000000e4    000000e4    00000564   00000564    r-x .text
  00000648    00000648    00000018   00000018    r-- .cinit
20000000    20000000    00000004   00000000    rw-
  20000000    20000000    00000004   00000000    rw- .data
2000fe00    2000fe00    00000200   00000000    rw-
  2000fe00    2000fe00    00000200   00000000    rw- .stack


SECTION ALLOCATION MAP

 output                                  attributes/
section   page    origin      length       input sections
--------  ----  ----------  ----------   ----------------
.intvecs   0    00000000    000000e4     
                  00000000    000000e4     startup_msp432p401r_ccs.obj (.intvecs:retain)

.text      0    000000e4    00000564     
                  000000e4    00000334     system_msp432p401r.obj (.text)
                  00000418    0000009c     rtsv7M4_T_le_v4SPD16_eabi.lib : memcpy_t2.asm.obj (.text)
                  000004b4    00000090     main.obj (.text)
                  00000544    00000068     rtsv7M4_T_le_v4SPD16_eabi.lib : copy_decompress_lzss.c.obj (.text:decompress:lzss:__TI_decompress_lzss)
                  000005ac    00000044                                   : autoinit.c.obj (.text:__TI_auto_init_nobinit_nopinit:__TI_auto_init_nobinit_nopinit)
                  000005f0    00000034                                   : boot_cortex_m.c.obj (.text:_c_int00_noargs:_c_int00_noargs)
                  00000624    0000000e                                   : copy_decompress_none.c.obj (.text:decompress:none:__TI_decompress_none)
                  00000632    0000000e     startup_msp432p401r_ccs.obj (.text)
                  00000640    00000004     rtsv7M4_T_le_v4SPD16_eabi.lib : pre_init.c.obj (.text:_system_pre_init)
                  00000644    00000004                                   : exit.c.obj (.text:abort:abort)

.cinit     0    00000648    00000018     
                  00000648    00000008     (.cinit..data.load) [load image, compression = lzss]
                  00000650    00000008     (__TI_handler_table)
                  00000658    00000008     (__TI_cinit_table)

.init_array 
*          0    00000000    00000000     UNINITIALIZED

.binit     0    00000000    00000000     

.data      0    20000000    00000004     UNINITIALIZED
                  20000000    00000004     system_msp432p401r.obj (.data)

.stack     0    2000fe00    00000200     UNINITIALIZED
                  2000fe00    00000004     rtsv7M4_T_le_v4SPD16_eabi.lib : boot_cortex_m.c.obj (.stack)
                  2000fe04    000001fc     --HOLE--

MODULE SUMMARY

       Module                        code   ro data   rw data
       ------                        ----   -------   -------
    ./
       system_msp432p401r.obj        820    0         8      
       startup_msp432p401r_ccs.obj   14     228       0      
       main.obj                      144    0         0      
    +--+-----------------------------+------+---------+---------+
       Total:                        978    228       8      
                                                             
    /Applications/ti/ccs930/ccs/tools/compiler/ti-cgt-arm_18.12.5.LTS/lib/rtsv7M4_T_le_v4SPD16_eabi.lib
       memcpy_t2.asm.obj             156    0         0      
       copy_decompress_lzss.c.obj    104    0         0      
       autoinit.c.obj                68     0         0      
       boot_cortex_m.c.obj           52     0         0      
       copy_decompress_none.c.obj    14     0         0      
       exit.c.obj                    4      0         0      
       pre_init.c.obj                4      0         0      
    +--+-----------------------------+------+---------+---------+
       Total:                        402    0         0      
                                                             
       Stack:                        0      0         1024   
       Linker Generated:             0      24        0      
    +--+-----------------------------+------+---------+---------+
       Grand Total:                  1380   252       1032   


LINKER GENERATED COPY TABLES

__TI_cinit_table @ 00000658 records: 1, size/record: 8, table size: 8
	.data: load addr=00000648, load size=00000008 bytes, run addr=20000000, run size=00000004 bytes, compression=lzss


LINKER GENERATED HANDLER TABLE

__TI_handler_table @ 00000650 records: 2, size/record: 4, table size: 8
	index: 0, handler: __TI_decompress_lzss
	index: 1, handler: __TI_decompress_none


GLOBAL SYMBOLS: SORTED ALPHABETICALLY BY Name 

address   name                          
-------   ----                          
0000063f  ADC14_IRQHandler              
0000063f  AES256_IRQHandler             
0000063f  BusFault_Handler              
00000645  C$$EXIT                       
0000063f  COMP_E0_IRQHandler            
0000063f  COMP_E1_IRQHandler            
0000063f  CS_IRQHandler                 
0000063f  DMA_ERR_IRQHandler            
0000063f  DMA_INT0_IRQHandler           
0000063f  DMA_INT1_IRQHandler           
0000063f  DMA_INT2_IRQHandler           
0000063f  DMA_INT3_IRQHandler           
0000063f  DebugMon_Handler              
0000063f  Default_Handler               
0000063f  EUSCIA0_IRQHandler            
0000063f  EUSCIA1_IRQHandler            
0000063f  EUSCIA2_IRQHandler            
0000063f  EUSCIA3_IRQHandler            
0000063f  EUSCIB0_IRQHandler            
0000063f  EUSCIB1_IRQHandler            
0000063f  EUSCIB2_IRQHandler            
0000063f  EUSCIB3_IRQHandler            
0000063f  FLCTL_IRQHandler              
0000063f  FPU_IRQHandler                
0000063f  HardFault_Handler             
0000063f  MemManage_Handler             
0000063f  NMI_Handler                   
0000063f  PCM_IRQHandler                
000004ff  PORT1_IRQHandler              
000004ff  PORT1_IRQHandler              
0000063f  PORT2_IRQHandler              
0000063f  PORT3_IRQHandler              
0000063f  PORT4_IRQHandler              
0000063f  PORT5_IRQHandler              
0000063f  PORT6_IRQHandler              
0000063f  PSS_IRQHandler                
0000063f  PendSV_Handler                
0000063f  RTC_C_IRQHandler              
00000633  Reset_Handler                 
0000063f  SVC_Handler                   
0000063f  SysTick_Handler               
20000000  SystemCoreClock               
000000e5  SystemCoreClockUpdate         
0000035d  SystemInit                    
0000063f  T32_INT1_IRQHandler           
0000063f  T32_INT2_IRQHandler           
0000063f  T32_INTC_IRQHandler           
0000063f  TA0_0_IRQHandler              
0000063f  TA0_N_IRQHandler              
0000063f  TA1_0_IRQHandler              
0000063f  TA1_N_IRQHandler              
0000063f  TA2_0_IRQHandler              
0000063f  TA2_N_IRQHandler              
0000063f  TA3_0_IRQHandler              
0000063f  TA3_N_IRQHandler              
0000063f  UsageFault_Handler            
4000480c  WDTCTL_SYM                    
0000063f  WDT_A_IRQHandler              
20010000  __STACK_END                   
00000200  __STACK_SIZE                  
00000658  __TI_CINIT_Base               
00000660  __TI_CINIT_Limit              
00000650  __TI_Handler_Table_Base       
00000658  __TI_Handler_Table_Limit      
000005ad  __TI_auto_init_nobinit_nopinit
00000545  __TI_decompress_lzss          
00000625  __TI_decompress_none          
ffffffff  __TI_pprof_out_hndl           
ffffffff  __TI_prof_data_size           
ffffffff  __TI_prof_data_start          
00000000  __TI_static_base__            
00000419  __aeabi_memcpy                
00000419  __aeabi_memcpy4               
00000419  __aeabi_memcpy8               
ffffffff  __binit__                     
ffffffff  __c_args__                    
UNDEFED   __mpu_init                    
2000fe00  __stack                       
000005f1  _c_int00_noargs               
UNDEFED   _system_post_cinit            
00000641  _system_pre_init              
00000645  abort                         
ffffffff  binit                         
00000000  interruptVectors              
000004b5  main                          
00000419  memcpy                        


GLOBAL SYMBOLS: SORTED BY Symbol Address 

address   name                          
-------   ----                          
00000000  __TI_static_base__            
00000000  interruptVectors              
000000e5  SystemCoreClockUpdate         
00000200  __STACK_SIZE                  
0000035d  SystemInit                    
00000419  __aeabi_memcpy                
00000419  __aeabi_memcpy4               
00000419  __aeabi_memcpy8               
00000419  memcpy                        
000004b5  main                          
000004ff  PORT1_IRQHandler              
000004ff  PORT1_IRQHandler              
00000545  __TI_decompress_lzss          
000005ad  __TI_auto_init_nobinit_nopinit
000005f1  _c_int00_noargs               
00000625  __TI_decompress_none          
00000633  Reset_Handler                 
0000063f  ADC14_IRQHandler              
0000063f  AES256_IRQHandler             
0000063f  BusFault_Handler              
0000063f  COMP_E0_IRQHandler            
0000063f  COMP_E1_IRQHandler            
0000063f  CS_IRQHandler                 
0000063f  DMA_ERR_IRQHandler            
0000063f  DMA_INT0_IRQHandler           
0000063f  DMA_INT1_IRQHandler           
0000063f  DMA_INT2_IRQHandler           
0000063f  DMA_INT3_IRQHandler           
0000063f  DebugMon_Handler              
0000063f  Default_Handler               
0000063f  EUSCIA0_IRQHandler            
0000063f  EUSCIA1_IRQHandler            
0000063f  EUSCIA2_IRQHandler            
0000063f  EUSCIA3_IRQHandler            
0000063f  EUSCIB0_IRQHandler            
0000063f  EUSCIB1_IRQHandler            
0000063f  EUSCIB2_IRQHandler            
0000063f  EUSCIB3_IRQHandler            
0000063f  FLCTL_IRQHandler              
0000063f  FPU_IRQHandler                
0000063f  HardFault_Handler             
0000063f  MemManage_Handler             
0000063f  NMI_Handler                   
0000063f  PCM_IRQHandler                
0000063f  PORT2_IRQHandler              
0000063f  PORT3_IRQHandler              
0000063f  PORT4_IRQHandler              
0000063f  PORT5_IRQHandler              
0000063f  PORT6_IRQHandler              
0000063f  PSS_IRQHandler                
0000063f  PendSV_Handler                
0000063f  RTC_C_IRQHandler              
0000063f  SVC_Handler                   
0000063f  SysTick_Handler               
0000063f  T32_INT1_IRQHandler           
0000063f  T32_INT2_IRQHandler           
0000063f  T32_INTC_IRQHandler           
0000063f  TA0_0_IRQHandler              
0000063f  TA0_N_IRQHandler              
0000063f  TA1_0_IRQHandler              
0000063f  TA1_N_IRQHandler              
0000063f  TA2_0_IRQHandler              
0000063f  TA2_N_IRQHandler              
0000063f  TA3_0_IRQHandler              
0000063f  TA3_N_IRQHandler              
0000063f  UsageFault_Handler            
0000063f  WDT_A_IRQHandler              
00000641  _system_pre_init              
00000645  C$$EXIT                       
00000645  abort                         
00000650  __TI_Handler_Table_Base       
00000658  __TI_CINIT_Base               
00000658  __TI_Handler_Table_Limit      
00000660  __TI_CINIT_Limit              
20000000  SystemCoreClock               
2000fe00  __stack                       
20010000  __STACK_END                   
4000480c  WDTCTL_SYM                    
ffffffff  __TI_pprof_out_hndl           
ffffffff  __TI_prof_data_size           
ffffffff  __TI_prof_data_start          
ffffffff  __binit__                     
ffffffff  __c_args__                    
ffffffff  binit                         
UNDEFED   __mpu_init                    
UNDEFED   _system_post_cinit            

[86 symbols]
