******************************************************************************
                  TI ARM Linker Unix v18.12.5                  
******************************************************************************
>> Linked Mon Nov  2 09:46:55 2020

OUTPUT FILE NAME:   <boostxl_edumkii_temperature.out>
ENTRY POINT SYMBOL: "_c_int00_noargs"  address: 0000461d


MEMORY CONFIGURATION

         name            origin    length      used     unused   attr    fill
----------------------  --------  ---------  --------  --------  ----  --------
  MAIN                  00000000   00040000  00005108  0003aef8  R  X
  INFO                  00200000   00004000  00000000  00004000  R  X
  SRAM_CODE             01000000   00010000  00000246  0000fdba  RW X
  SRAM_DATA             20000000   00010000  00000246  0000fdba  RW  


SEGMENT ALLOCATION MAP

run origin  load origin   length   init length attrs members
----------  ----------- ---------- ----------- ----- -------
00000000    00000000    00005108   00005108    r-x
  00000000    00000000    000000e4   000000e4    r-- .intvecs
  000000e4    000000e4    00004a6c   00004a6c    r-x .text
  00004b50    00004b50    00000580   00000580    r-- .const
  000050d0    000050d0    00000038   00000038    r-- .cinit
20000000    20000000    0000004c   00000000    rw-
  20000000    20000000    0000002a   00000000    rw- .bss
  20000030    20000030    0000001c   00000000    rw- .data
2000fe00    2000fe00    00000200   00000000    rw-
  2000fe00    2000fe00    00000200   00000000    rw- .stack


SECTION ALLOCATION MAP

 output                                  attributes/
section   page    origin      length       input sections
--------  ----  ----------  ----------   ----------------
.intvecs   0    00000000    000000e4     
                  00000000    000000e4     startup_msp432p401r_ccs.obj (.intvecs:retain)

.text      0    000000e4    00004a6c     
                  000000e4    00000a4e     rtsv7M4_T_le_v4SPD16_eabi.lib : _printfi.c.obj (.text:__TI_printfi)
                  00000b32    00000002     startup_msp432p401r_ccs.obj (.text:Default_Handler)
                  00000b34    000009c0     rtsv7M4_T_le_v4SPD16_eabi.lib : e_pow.c.obj (.text:pow)
                  000014f4    0000047e     grlib.a : string.obj (.text:Graphics_drawString)
                  00001972    00000002     rtsv7M4_T_le_v4SPD16_eabi.lib : div0.asm.obj (.text)
                  00001974    000003a0     HAL_TMP006.obj (.text:TMP006_getTemp)
                  00001d14    00000270     rtsv7M4_T_le_v4SPD16_eabi.lib : _printfi.c.obj (.text:_pconv_a)
                  00001f84    000001d8     Crystalfontz128x128_ST7735.obj (.text:Crystalfontz128x128_PixelDrawMultiple)
                  0000215c    000001d0     rtsv7M4_T_le_v4SPD16_eabi.lib : _printfi.c.obj (.text:_pconv_g)
                  0000232c    000001b6                                   : fd_add_t2.asm.obj (.text)
                  000024e2    00000002     --HOLE-- [fill = 0]
                  000024e4    0000015c     msp432p4xx_driverlib.lib : pcm.o (.text:__PCM_setPowerModeAdvanced)
                  00002640    00000158     rtsv7M4_T_le_v4SPD16_eabi.lib : e_sqrt.c.obj (.text:sqrt)
                  00002798    0000013c                                   : _printfi.c.obj (.text:_pconv_e)
                  000028d4    00000136                                   : fd_div_t2.asm.obj (.text)
                  00002a0a    00000002     --HOLE-- [fill = 0]
                  00002a0c    00000134     Crystalfontz128x128_ST7735.obj (.text:Crystalfontz128x128_SetDrawFrame)
                  00002b40    00000130     msp432p4xx_driverlib.lib : cs.o (.text:CS_initClockSignal)
                  00002c70    0000012c     Crystalfontz128x128_ST7735.obj (.text:Crystalfontz128x128_Init)
                  00002d9c    00000124     rtsv7M4_T_le_v4SPD16_eabi.lib : _printfi.c.obj (.text:fcvt)
                  00002ec0    00000110                                   : s_scalbn.c.obj (.text:scalbn)
                  00002fd0    00000108     msp432p4xx_driverlib.lib : pcm.o (.text:__PCM_setCoreVoltageLevelAdvanced)
                  000030d8    000000fc     rtsv7M4_T_le_v4SPD16_eabi.lib : fd_mul_t2.asm.obj (.text)
                  000031d4    000000fa     grlib.a : string.obj (.text:Graphics_getStringWidth)
                  000032ce    00000002     --HOLE-- [fill = 0]
                  000032d0    000000b1     rtsv7M4_T_le_v4SPD16_eabi.lib : _printfi.c.obj (.text:_ltostr)
                  00003381    00000001     --HOLE-- [fill = 0]
                  00003382    000000b0     msp432p4xx_driverlib.lib : spi.o (.text:SPI_initMaster)
                  00003432    0000009c     Crystalfontz128x128_ST7735.obj (.text:Crystalfontz128x128_RectFill)
                  000034ce    0000009c     grlib.a : line.obj (.text:Graphics_drawLineH)
                  0000356a    00000002     --HOLE-- [fill = 0]
                  0000356c    0000009c     main.obj (.text:main)
                  00003608    0000009c     rtsv7M4_T_le_v4SPD16_eabi.lib : memcpy_t2.asm.obj (.text)
                  000036a4    00000096                                   : ull_div_t2.asm.obj (.text)
                  0000373a    00000002     --HOLE-- [fill = 0]
                  0000373c    0000008c     HAL_I2C.obj (.text:I2C_read16)
                  000037c8    00000088     msp432p4xx_driverlib.lib : gpio.o (.text:GPIO_setAsPeripheralModuleFunctionOutputPin)
                  00003850    00000086     rtsv7M4_T_le_v4SPD16_eabi.lib : fd_cmp_t2.asm.obj (.text:__aeabi_cdcmple)
                  000038d6    00000086                                   : fd_cmp_t2.asm.obj (.text:__aeabi_cdrcmple)
                  0000395c    0000007a                                   : memset_t2.asm.obj (.text)
                  000039d6    00000002     --HOLE-- [fill = 0]
                  000039d8    00000078     system_msp432p401r.obj (.text:SystemInit)
                  00003a50    0000006e     rtsv7M4_T_le_v4SPD16_eabi.lib : _printfi.c.obj (.text:_mcpy)
                  00003abe    0000006e                                   : fd_tos_t2.asm.obj (.text)
                  00003b2c    0000006c     msp432p4xx_driverlib.lib : i2c.o (.text:I2C_masterSendMultiByteFinish)
                  00003b98    00000068                              : i2c.o (.text:I2C_masterSendMultiByteStart)
                  00003c00    00000068     rtsv7M4_T_le_v4SPD16_eabi.lib : copy_decompress_lzss.c.obj (.text:decompress:lzss:__TI_decompress_lzss)
                  00003c68    00000064                                   : s_frexp.c.obj (.text:frexp)
                  00003ccc    00000062     msp432p4xx_driverlib.lib : i2c.o (.text:I2C_initMaster)
                  00003d2e    00000060     Crystalfontz128x128_ST7735.obj (.text:Crystalfontz128x128_LineDrawH)
                  00003d8e    00000060     Crystalfontz128x128_ST7735.obj (.text:Crystalfontz128x128_LineDrawV)
                  00003dee    0000005e     msp432p4xx_driverlib.lib : pcm.o (.text:PCM_getCoreVoltageLevel)
                  00003e4c    0000005a                              : pcm.o (.text:PCM_getPowerMode)
                  00003ea6    0000005a     main.obj (.text:_hwInit)
                  00003f00    00000056     rtsv7M4_T_le_v4SPD16_eabi.lib : _printfi.c.obj (.text:_pconv_f)
                  00003f56    00000002     --HOLE-- [fill = 0]
                  00003f58    00000054     Crystalfontz128x128_ST7735.obj (.text:Crystalfontz128x128_SetOrientation)
                  00003fac    00000054     rtsv7M4_T_le_v4SPD16_eabi.lib : ltoa.c.obj (.text:ltoa)
                  00004000    00000052     grlib.a : context.obj (.text:Graphics_initContext)
                  00004052    00000052     rtsv7M4_T_le_v4SPD16_eabi.lib : _printfi.c.obj (.text:_ecpy)
                  000040a4    0000004c     main.obj (.text:_graphicsInit)
                  000040f0    0000004c     rtsv7M4_T_le_v4SPD16_eabi.lib : atoi.c.obj (.text:atoi)
                  0000413c    00000048     msp432p4xx_driverlib.lib : flash.o (.text:FlashCtl_setWaitState)
                  00004184    00000048     grlib.a : string.obj (.text:Graphics_drawStringCentered)
                  000041cc    00000048     HAL_I2C.obj (.text:I2C_write16)
                  00004214    00000048     rtsv7M4_T_le_v4SPD16_eabi.lib : fd_toi_t2.asm.obj (.text)
                  0000425c    00000044                                   : autoinit.c.obj (.text:__TI_auto_init_nobinit_nopinit:__TI_auto_init_nobinit_nopinit)
                  000042a0    00000040     Crystalfontz128x128_ST7735.obj (.text:Crystalfontz128x128_PixelDraw)
                  000042e0    00000040     msp432p4xx_driverlib.lib : gpio.o (.text:GPIO_setAsOutputPin)
                  00004320    00000040     grlib.a : string.obj (.text:Graphics_getNumberOfLeadingZeros)
                  00004360    00000040     HAL_MSP_EXP432P401R_Crystalfontz128x128_ST7735.obj (.text:HAL_LCD_SpiInit)
                  000043a0    00000040     msp432p4xx_driverlib.lib : i2c.o (.text:I2C_masterReceiveMultiByteFinish)
                  000043e0    00000040                              : spi.o (.text:is_A_Module)
                  00004420    00000040     rtsv7M4_T_le_v4SPD16_eabi.lib : sprintf.c.obj (.text:sprintf)
                  00004460    0000003e                                   : _printfi.c.obj (.text:_fcpy)
                  0000449e    00000002     --HOLE-- [fill = 0]
                  000044a0    00000038     HAL_MSP_EXP432P401R_Crystalfontz128x128_ST7735.obj (.text:HAL_LCD_writeCommand)
                  000044d8    00000038     msp432p4xx_driverlib.lib : i2c.o (.text:I2C_masterSendMultiByteStop)
                  00004510    00000038     rtsv7M4_T_le_v4SPD16_eabi.lib : fs_tod_t2.asm.obj (.text)
                  00004548    00000036     grlib.a : display.obj (.text:Graphics_drawHorizontalLineOnDisplay)
                  0000457e    00000036     HAL_TMP006.obj (.text:TMP006_init)
                  000045b4    00000034     msp432p4xx_driverlib.lib : cs.o (.text:CS_setDCOCenteredFrequency)
                  000045e8    00000034                              : i2c.o (.text:I2C_masterSendMultiByteNext)
                  0000461c    00000034     rtsv7M4_T_le_v4SPD16_eabi.lib : boot_cortex_m.c.obj (.text:_c_int00_noargs:_c_int00_noargs)
                  00004650    00000030     HAL_MSP_EXP432P401R_Crystalfontz128x128_ST7735.obj (.text:HAL_LCD_PortInit)
                  00004680    0000002e     rtsv7M4_T_le_v4SPD16_eabi.lib : i_tofd_t2.asm.obj (.text)
                  000046ae    00000002     --HOLE-- [fill = 0]
                  000046b0    0000002c     Crystalfontz128x128_ST7735.obj (.text:Crystalfontz128x128_ClearScreen)
                  000046dc    0000002c     grlib.a : display.obj (.text:Graphics_drawPixelOnDisplay)
                  00004708    0000002c     HAL_MSP_EXP432P401R_Crystalfontz128x128_ST7735.obj (.text:HAL_LCD_writeData)
                  00004734    00000028     Crystalfontz128x128_ST7735.obj (.text:Crystalfontz128x128_ColorTranslate)
                  0000475c    00000028     msp432p4xx_driverlib.lib : gpio.o (.text:GPIO_setOutputHighOnPin)
                  00004784    00000028                              : gpio.o (.text:GPIO_setOutputLowOnPin)
                  000047ac    00000024                              : wdt_a.o (.text:WDT_A_holdTimer)
                  000047d0    00000020     HAL_I2C.obj (.text:I2C_init)
                  000047f0    00000020     main.obj (.text:_temperatureInit)
                  00004810    0000001c     msp432p4xx_driverlib.lib : i2c.o (.text:I2C_setMode)
                  0000482c    0000001c     HAL_I2C.obj (.text:I2C_setslave)
                  00004848    0000001c     msp432p4xx_driverlib.lib : spi.o (.text:SPI_enableModule)
                  00004864    0000001c     rtsv7M4_T_le_v4SPD16_eabi.lib : copy_zero_init.c.obj (.text:decompress:ZI:__TI_zero_init_nomemset:__TI_zero_init_nomemset)
                  00004880    0000001c                                   : memccpy.c.obj (.text:memccpy)
                  0000489c    0000001a     grlib.a : display.obj (.text:Graphics_clearDisplayOnDisplay)
                  000048b6    0000001a             : context.obj (.text:Graphics_setBackgroundColor)
                  000048d0    0000001a             : context.obj (.text:Graphics_setFont)
                  000048ea    0000001a     msp432p4xx_driverlib.lib : i2c.o (.text:I2C_masterReceiveStart)
                  00004904    0000001a     rtsv7M4_T_le_v4SPD16_eabi.lib : s_copysign.c.obj (.text:copysign)
                  0000491e    00000018     msp432p4xx_driverlib.lib : i2c.o (.text:I2C_getInterruptStatus)
                  00004936    00000002     --HOLE-- [fill = 0]
                  00004938    00000018                              : i2c.o (.text:I2C_isBusBusy)
                  00004950    00000018     HAL_I2C.obj (.text:Init_I2C_GPIO)
                  00004968    00000018     rtsv7M4_T_le_v4SPD16_eabi.lib : sprintf.c.obj (.text:_outs)
                  00004980    00000016     msp432p4xx_driverlib.lib : spi.o (.text:EUSCI_A_SPI_enable)
                  00004996    00000016                              : spi.o (.text:EUSCI_B_SPI_enable)
                  000049ac    00000016     grlib.a : context.obj (.text:Graphics_setForegroundColor)
                  000049c2    00000016             : display.obj (.text:Graphics_translateColorOnDisplay)
                  000049d8    00000016     msp432p4xx_driverlib.lib : i2c.o (.text:I2C_clearInterruptFlag)
                  000049ee    00000016                              : i2c.o (.text:I2C_disableModule)
                  00004a04    00000016                              : i2c.o (.text:I2C_enableModule)
                  00004a1a    00000016     rtsv7M4_T_le_v4SPD16_eabi.lib : strchr.c.obj (.text:strchr)
                  00004a30    00000014     msp432p4xx_driverlib.lib : i2c.o (.text:I2C_masterReceiveMultiByteNext)
                  00004a44    00000014                              : i2c.o (.text:I2C_setSlaveAddress)
                  00004a58    00000014                              : pcm.o (.text:PCM_getPowerState)
                  00004a6c    00000014     rtsv7M4_T_le_v4SPD16_eabi.lib : strlen.c.obj (.text:strlen)
                  00004a80    00000012     grlib.a : context.obj (.text:Graphics_clearDisplay)
                  00004a92    00000012     rtsv7M4_T_le_v4SPD16_eabi.lib : wcslen.c.obj (.text:wcslen)
                  00004aa4    00000010     msp432p4xx_driverlib.lib : interrupt.o (.text:Interrupt_disableMaster)
                  00004ab4    00000010                              : pcm.o (.text:PCM_setCoreVoltageLevel)
                  00004ac4    00000010                              : pcm.o (.text:PCM_setPowerMode)
                  00004ad4    00000010     HAL_TMP006.obj (.text:TMP006_readAmbientTemperature)
                  00004ae4    00000010     HAL_TMP006.obj (.text:TMP006_readDeviceId)
                  00004af4    00000010     HAL_TMP006.obj (.text:TMP006_readObjectVoltage)
                  00004b04    0000000e     rtsv7M4_T_le_v4SPD16_eabi.lib : copy_decompress_none.c.obj (.text:decompress:none:__TI_decompress_none)
                  00004b12    0000000c     msp432p4xx_driverlib.lib : cpu.o (.text:CPU_cpsid)
                  00004b1e    0000000c     startup_msp432p401r_ccs.obj (.text:Reset_Handler)
                  00004b2a    0000000a     Crystalfontz128x128_ST7735.obj (.text:Crystalfontz128x128_Flush)
                  00004b34    0000000a     rtsv7M4_T_le_v4SPD16_eabi.lib : sprintf.c.obj (.text:_outc)
                  00004b3e    00000002     --HOLE-- [fill = 0]
                  00004b40    00000008                                   : errno.c.obj (.text:__aeabi_errno_addr)
                  00004b48    00000004                                   : pre_init.c.obj (.text:_system_pre_init)
                  00004b4c    00000004                                   : exit.c.obj (.text:abort:abort)

.const     0    00004b50    00000580     
                  00004b50    000002f8     grlib.a : fontfixed6x8.obj (.const:.string:g_pucFontFixed6x8Data)
                  00004e48    00000101     rtsv7M4_T_le_v4SPD16_eabi.lib : ctype.c.obj (.const:.string:_ctypes_)
                  00004f49    00000003     --HOLE-- [fill = 0]
                  00004f4c    000000c8     grlib.a : fontfixed6x8.obj (.const:g_sFontFixed6x8)
                  00005014    00000004     --HOLE-- [fill = 0]
                  00005018    00000030     rtsv7M4_T_le_v4SPD16_eabi.lib : e_pow.c.obj (.const:$O1$$)
                  00005048    00000030     msp432p4xx_driverlib.lib : gpio.o (.const:GPIO_PORT_TO_BASE)
                  00005078    00000020     Crystalfontz128x128_ST7735.obj (.const:g_sCrystalfontz128x128_funcs)
                  00005098    0000001c     HAL_MSP_EXP432P401R_Crystalfontz128x128_ST7735.obj (.const:$P$T0$1)
                  000050b4    00000014     HAL_I2C.obj (.const:i2cConfig)
                  000050c8    00000008     Crystalfontz128x128_ST7735.obj (.const:$P$T0$1)

.cinit     0    000050d0    00000038     
                  000050d0    0000000d     (.cinit..data.load) [load image, compression = lzss]
                  000050dd    00000003     --HOLE-- [fill = 0]
                  000050e0    0000000c     (__TI_handler_table)
                  000050ec    00000004     --HOLE-- [fill = 0]
                  000050f0    00000008     (.cinit..bss.load) [load image, compression = zero_init]
                  000050f8    00000010     (__TI_cinit_table)

.init_array 
*          0    00000000    00000000     UNINITIALIZED

.binit     0    00000000    00000000     

.bss       0    20000000    0000002a     UNINITIALIZED
                  20000000    0000001c     (.common:g_sContext)
                  2000001c    00000004     (.common:temp)
                  20000020    00000002     (.common:Lcd_ScreenHeigth)
                  20000022    00000002     (.common:Lcd_ScreenWidth)
                  20000024    00000002     (.common:Lcd_TouchTrim)
                  20000026    00000001     (.common:Lcd_FlagRead)
                  20000027    00000001     (.common:Lcd_FontSolid)
                  20000028    00000001     (.common:Lcd_Orientation)
                  20000029    00000001     (.common:Lcd_PenSolid)

.data      0    20000030    0000001c     UNINITIALIZED
                  20000030    00000010     Crystalfontz128x128_ST7735.obj (.data:g_sCrystalfontz128x128)
                  20000040    00000008     HAL_TMP006.obj (.data)
                  20000048    00000004     rtsv7M4_T_le_v4SPD16_eabi.lib : errno.c.obj (.data)

.stack     0    2000fe00    00000200     UNINITIALIZED
                  2000fe00    00000004     rtsv7M4_T_le_v4SPD16_eabi.lib : boot_cortex_m.c.obj (.stack)
                  2000fe04    000001fc     --HOLE--

MODULE SUMMARY

       Module                                               code    ro data   rw data
       ------                                               ----    -------   -------
    ./
       HAL_TMP006.obj                                       1030    0         16     
       main.obj                                             354     0         64     
       HAL_I2C.obj                                          296     20        0      
       system_msp432p401r.obj                               120     0         0      
    +--+----------------------------------------------------+-------+---------+---------+
       Total:                                               1800    20        80     
                                                                                     
    ./LcdDriver/
       Crystalfontz128x128_ST7735.obj                       1670    40        52     
       HAL_MSP_EXP432P401R_Crystalfontz128x128_ST7735.obj   212     28        0      
    +--+----------------------------------------------------+-------+---------+---------+
       Total:                                               1882    68        52     
                                                                                     
    ./ccs/
       startup_msp432p401r_ccs.obj                          14      228       0      
    +--+----------------------------------------------------+-------+---------+---------+
       Total:                                               14      228       0      
                                                                                     
    /Applications/ti/ccs930/ccs/tools/compiler/ti-cgt-arm_18.12.5.LTS/lib/rtsv7M4_T_le_v4SPD16_eabi.lib
       _printfi.c.obj                                       4851    0         0      
       e_pow.c.obj                                          2496    48        0      
       fd_add_t2.asm.obj                                    438     0         0      
       e_sqrt.c.obj                                         344     0         0      
       fd_div_t2.asm.obj                                    310     0         0      
       s_scalbn.c.obj                                       272     0         0      
       fd_cmp_t2.asm.obj                                    268     0         0      
       ctype.c.obj                                          0       257       0      
       fd_mul_t2.asm.obj                                    252     0         0      
       memcpy_t2.asm.obj                                    156     0         0      
       ull_div_t2.asm.obj                                   150     0         0      
       memset_t2.asm.obj                                    122     0         0      
       fd_tos_t2.asm.obj                                    110     0         0      
       copy_decompress_lzss.c.obj                           104     0         0      
       s_frexp.c.obj                                        100     0         0      
       sprintf.c.obj                                        98      0         0      
       ltoa.c.obj                                           84      0         0      
       atoi.c.obj                                           76      0         0      
       fd_toi_t2.asm.obj                                    72      0         0      
       autoinit.c.obj                                       68      0         0      
       fs_tod_t2.asm.obj                                    56      0         0      
       boot_cortex_m.c.obj                                  52      0         0      
       i_tofd_t2.asm.obj                                    46      0         0      
       copy_zero_init.c.obj                                 28      0         0      
       memccpy.c.obj                                        28      0         0      
       s_copysign.c.obj                                     26      0         0      
       strchr.c.obj                                         22      0         0      
       strlen.c.obj                                         20      0         0      
       wcslen.c.obj                                         18      0         0      
       errno.c.obj                                          8       0         8      
       copy_decompress_none.c.obj                           14      0         0      
       exit.c.obj                                           4       0         0      
       pre_init.c.obj                                       4       0         0      
       div0.asm.obj                                         2       0         0      
    +--+----------------------------------------------------+-------+---------+---------+
       Total:                                               10699   305       8      
                                                                                     
    /Users/sinan/ti/simplelink_msp432p4_sdk_3_40_01_02/source/ti/devices/msp432p4xx/driverlib/ccs/msp432p4xx_driverlib.lib
       pcm.o                                                848     0         0      
       i2c.o                                                690     0         0      
       cs.o                                                 356     0         0      
       gpio.o                                               280     48        0      
       spi.o                                                312     0         0      
       flash.o                                              72      0         0      
       wdt_a.o                                              36      0         0      
       interrupt.o                                          16      0         0      
       cpu.o                                                12      0         0      
    +--+----------------------------------------------------+-------+---------+---------+
       Total:                                               2622    48        0      
                                                                                     
    /Users/sinan/ti/simplelink_msp432p4_sdk_3_40_01_02/source/ti/grlib/lib/ccs/m4f/grlib.a
       string.obj                                           1536    0         0      
       fontfixed6x8.obj                                     0       960       0      
       context.obj                                          174     0         0      
       line.obj                                             156     0         0      
       display.obj                                          146     0         0      
    +--+----------------------------------------------------+-------+---------+---------+
       Total:                                               2012    960       0      
                                                                                     
       Stack:                                               0       0         1024   
       Linker Generated:                                    0       49        0      
    +--+----------------------------------------------------+-------+---------+---------+
       Grand Total:                                         19029   1678      1164   


LINKER GENERATED COPY TABLES

__TI_cinit_table @ 000050f8 records: 2, size/record: 8, table size: 16
	.data: load addr=000050d0, load size=0000000d bytes, run addr=20000030, run size=0000001c bytes, compression=lzss
	.bss: load addr=000050f0, load size=00000008 bytes, run addr=20000000, run size=0000002a bytes, compression=zero_init


LINKER GENERATED HANDLER TABLE

__TI_handler_table @ 000050e0 records: 3, size/record: 4, table size: 12
	index: 0, handler: __TI_decompress_lzss
	index: 1, handler: __TI_decompress_none
	index: 2, handler: __TI_zero_init


GLOBAL SYMBOLS: SORTED ALPHABETICALLY BY Name 

address   name                                       
-------   ----                                       
00000b33  ADC14_IRQHandler                           
00000b33  AES256_IRQHandler                          
00000b33  BusFault_Handler                           
00004b4d  C$$EXIT                                    
00000b33  COMP_E0_IRQHandler                         
00000b33  COMP_E1_IRQHandler                         
00004b13  CPU_cpsid                                  
00000b33  CS_IRQHandler                              
00002b41  CS_initClockSignal                         
000045b5  CS_setDCOCenteredFrequency                 
00002c71  Crystalfontz128x128_Init                   
00002a0d  Crystalfontz128x128_SetDrawFrame           
00003f59  Crystalfontz128x128_SetOrientation         
00000b33  DMA_ERR_IRQHandler                         
00000b33  DMA_INT0_IRQHandler                        
00000b33  DMA_INT1_IRQHandler                        
00000b33  DMA_INT2_IRQHandler                        
00000b33  DMA_INT3_IRQHandler                        
00000b33  DebugMon_Handler                           
00000b33  Default_Handler                            
00000b33  EUSCIA0_IRQHandler                         
00000b33  EUSCIA1_IRQHandler                         
00000b33  EUSCIA2_IRQHandler                         
00000b33  EUSCIA3_IRQHandler                         
00000b33  EUSCIB0_IRQHandler                         
00000b33  EUSCIB1_IRQHandler                         
00000b33  EUSCIB2_IRQHandler                         
00000b33  EUSCIB3_IRQHandler                         
00004981  EUSCI_A_SPI_enable                         
00004997  EUSCI_B_SPI_enable                         
00000b33  FLCTL_IRQHandler                           
00000b33  FPU_IRQHandler                             
0000413d  FlashCtl_setWaitState                      
000042e1  GPIO_setAsOutputPin                        
000037c9  GPIO_setAsPeripheralModuleFunctionOutputPin
0000475d  GPIO_setOutputHighOnPin                    
00004785  GPIO_setOutputLowOnPin                     
00004a81  Graphics_clearDisplay                      
0000489d  Graphics_clearDisplayOnDisplay             
00004549  Graphics_drawHorizontalLineOnDisplay       
000034cf  Graphics_drawLineH                         
000046dd  Graphics_drawPixelOnDisplay                
000014f5  Graphics_drawString                        
00004185  Graphics_drawStringCentered                
000031d5  Graphics_getStringWidth                    
00004001  Graphics_initContext                       
000048b7  Graphics_setBackgroundColor                
000048d1  Graphics_setFont                           
000049ad  Graphics_setForegroundColor                
000049c3  Graphics_translateColorOnDisplay           
00004651  HAL_LCD_PortInit                           
00004361  HAL_LCD_SpiInit                            
000044a1  HAL_LCD_writeCommand                       
00004709  HAL_LCD_writeData                          
00000b33  HardFault_Handler                          
000049d9  I2C_clearInterruptFlag                     
000049ef  I2C_disableModule                          
00004a05  I2C_enableModule                           
0000491f  I2C_getInterruptStatus                     
000047d1  I2C_init                                   
00003ccd  I2C_initMaster                             
00004939  I2C_isBusBusy                              
000043a1  I2C_masterReceiveMultiByteFinish           
00004a31  I2C_masterReceiveMultiByteNext             
000048eb  I2C_masterReceiveStart                     
00003b2d  I2C_masterSendMultiByteFinish              
000045e9  I2C_masterSendMultiByteNext                
00003b99  I2C_masterSendMultiByteStart               
000044d9  I2C_masterSendMultiByteStop                
0000373d  I2C_read16                                 
00004811  I2C_setMode                                
00004a45  I2C_setSlaveAddress                        
0000482d  I2C_setslave                               
000041cd  I2C_write16                                
00004951  Init_I2C_GPIO                              
00004aa5  Interrupt_disableMaster                    
20000026  Lcd_FlagRead                               
20000027  Lcd_FontSolid                              
20000028  Lcd_Orientation                            
20000029  Lcd_PenSolid                               
20000020  Lcd_ScreenHeigth                           
20000022  Lcd_ScreenWidth                            
20000024  Lcd_TouchTrim                              
00000b33  MemManage_Handler                          
00000b33  NMI_Handler                                
00000b33  PCM_IRQHandler                             
00003def  PCM_getCoreVoltageLevel                    
00003e4d  PCM_getPowerMode                           
00004a59  PCM_getPowerState                          
00004ab5  PCM_setCoreVoltageLevel                    
00004ac5  PCM_setPowerMode                           
00000b33  PORT1_IRQHandler                           
00000b33  PORT2_IRQHandler                           
00000b33  PORT3_IRQHandler                           
00000b33  PORT4_IRQHandler                           
00000b33  PORT5_IRQHandler                           
00000b33  PORT6_IRQHandler                           
00000b33  PSS_IRQHandler                             
00000b33  PendSV_Handler                             
00000b33  RTC_C_IRQHandler                           
00004b1f  Reset_Handler                              
00004849  SPI_enableModule                           
00003383  SPI_initMaster                             
00000b33  SVC_Handler                                
00000b33  SysTick_Handler                            
000039d9  SystemInit                                 
00000b33  T32_INT1_IRQHandler                        
00000b33  T32_INT2_IRQHandler                        
00000b33  T32_INTC_IRQHandler                        
00000b33  TA0_0_IRQHandler                           
00000b33  TA0_N_IRQHandler                           
00000b33  TA1_0_IRQHandler                           
00000b33  TA1_N_IRQHandler                           
00000b33  TA2_0_IRQHandler                           
00000b33  TA2_N_IRQHandler                           
00000b33  TA3_0_IRQHandler                           
00000b33  TA3_N_IRQHandler                           
00001975  TMP006_getTemp                             
0000457f  TMP006_init                                
00004ad5  TMP006_readAmbientTemperature              
00004ae5  TMP006_readDeviceId                        
00004af5  TMP006_readObjectVoltage                   
00000b33  UsageFault_Handler                         
4000480c  WDTCTL_SYM                                 
00000b33  WDT_A_IRQHandler                           
000047ad  WDT_A_holdTimer                            
20010000  __STACK_END                                
00000200  __STACK_SIZE                               
000050f8  __TI_CINIT_Base                            
00005108  __TI_CINIT_Limit                           
000050e0  __TI_Handler_Table_Base                    
000050ec  __TI_Handler_Table_Limit                   
0000425d  __TI_auto_init_nobinit_nopinit             
00003c01  __TI_decompress_lzss                       
00004b05  __TI_decompress_none                       
ffffffff  __TI_pprof_out_hndl                        
000000e5  __TI_printfi                               
ffffffff  __TI_prof_data_size                        
ffffffff  __TI_prof_data_start                       
00000000  __TI_static_base__                         
00004865  __TI_zero_init_nomemset                    
00003851  __aeabi_cdcmpeq                            
00003851  __aeabi_cdcmple                            
000038d7  __aeabi_cdrcmple                           
00003abf  __aeabi_d2f                                
00004215  __aeabi_d2iz                               
00002337  __aeabi_dadd                               
000028d5  __aeabi_ddiv                               
000030d9  __aeabi_dmul                               
0000232d  __aeabi_dsub                               
00004b41  __aeabi_errno_addr                         
00004511  __aeabi_f2d                                
00004681  __aeabi_i2d                                
00001973  __aeabi_idiv0                              
00001973  __aeabi_ldiv0                              
0000395d  __aeabi_memclr                             
0000395d  __aeabi_memclr4                            
0000395d  __aeabi_memclr8                            
00003609  __aeabi_memcpy                             
00003609  __aeabi_memcpy4                            
00003609  __aeabi_memcpy8                            
0000395f  __aeabi_memset                             
0000395f  __aeabi_memset4                            
0000395f  __aeabi_memset8                            
000036a5  __aeabi_uldivmod                           
ffffffff  __binit__                                  
ffffffff  __c_args__                                 
UNDEFED   __mpu_init                                 
2000fe00  __stack                                    
0000461d  _c_int00_noargs                            
00004e48  _ctypes_                                   
000040a5  _graphicsInit                              
00003ea7  _hwInit                                    
UNDEFED   _system_post_cinit                         
00004b49  _system_pre_init                           
000047f1  _temperatureInit                           
00004b4d  abort                                      
000040f1  atoi                                       
ffffffff  binit                                      
00004905  copysign                                   
00004905  copysignl                                  
20000048  errno                                      
00003c69  frexp                                      
00003c69  frexpl                                     
20000000  g_sContext                                 
20000030  g_sCrystalfontz128x128                     
00005078  g_sCrystalfontz128x128_funcs               
00004f4c  g_sFontFixed6x8                            
000050b4  i2cConfig                                  
00000000  interruptVectors                           
00002ec1  ldexp                                      
00002ec1  ldexpl                                     
00003fad  ltoa                                       
0000356d  main                                       
00004881  memccpy                                    
00003609  memcpy                                     
00003965  memset                                     
00000b35  pow                                        
00000b35  powl                                       
00002ec1  scalbn                                     
00002ec1  scalbnl                                    
00004421  sprintf                                    
00002641  sqrt                                       
00002641  sqrtl                                      
00004a1b  strchr                                     
00004a6d  strlen                                     
2000001c  temp                                       
00004a93  wcslen                                     


GLOBAL SYMBOLS: SORTED BY Symbol Address 

address   name                                       
-------   ----                                       
00000000  __TI_static_base__                         
00000000  interruptVectors                           
000000e5  __TI_printfi                               
00000200  __STACK_SIZE                               
00000b33  ADC14_IRQHandler                           
00000b33  AES256_IRQHandler                          
00000b33  BusFault_Handler                           
00000b33  COMP_E0_IRQHandler                         
00000b33  COMP_E1_IRQHandler                         
00000b33  CS_IRQHandler                              
00000b33  DMA_ERR_IRQHandler                         
00000b33  DMA_INT0_IRQHandler                        
00000b33  DMA_INT1_IRQHandler                        
00000b33  DMA_INT2_IRQHandler                        
00000b33  DMA_INT3_IRQHandler                        
00000b33  DebugMon_Handler                           
00000b33  Default_Handler                            
00000b33  EUSCIA0_IRQHandler                         
00000b33  EUSCIA1_IRQHandler                         
00000b33  EUSCIA2_IRQHandler                         
00000b33  EUSCIA3_IRQHandler                         
00000b33  EUSCIB0_IRQHandler                         
00000b33  EUSCIB1_IRQHandler                         
00000b33  EUSCIB2_IRQHandler                         
00000b33  EUSCIB3_IRQHandler                         
00000b33  FLCTL_IRQHandler                           
00000b33  FPU_IRQHandler                             
00000b33  HardFault_Handler                          
00000b33  MemManage_Handler                          
00000b33  NMI_Handler                                
00000b33  PCM_IRQHandler                             
00000b33  PORT1_IRQHandler                           
00000b33  PORT2_IRQHandler                           
00000b33  PORT3_IRQHandler                           
00000b33  PORT4_IRQHandler                           
00000b33  PORT5_IRQHandler                           
00000b33  PORT6_IRQHandler                           
00000b33  PSS_IRQHandler                             
00000b33  PendSV_Handler                             
00000b33  RTC_C_IRQHandler                           
00000b33  SVC_Handler                                
00000b33  SysTick_Handler                            
00000b33  T32_INT1_IRQHandler                        
00000b33  T32_INT2_IRQHandler                        
00000b33  T32_INTC_IRQHandler                        
00000b33  TA0_0_IRQHandler                           
00000b33  TA0_N_IRQHandler                           
00000b33  TA1_0_IRQHandler                           
00000b33  TA1_N_IRQHandler                           
00000b33  TA2_0_IRQHandler                           
00000b33  TA2_N_IRQHandler                           
00000b33  TA3_0_IRQHandler                           
00000b33  TA3_N_IRQHandler                           
00000b33  UsageFault_Handler                         
00000b33  WDT_A_IRQHandler                           
00000b35  pow                                        
00000b35  powl                                       
000014f5  Graphics_drawString                        
00001973  __aeabi_idiv0                              
00001973  __aeabi_ldiv0                              
00001975  TMP006_getTemp                             
0000232d  __aeabi_dsub                               
00002337  __aeabi_dadd                               
00002641  sqrt                                       
00002641  sqrtl                                      
000028d5  __aeabi_ddiv                               
00002a0d  Crystalfontz128x128_SetDrawFrame           
00002b41  CS_initClockSignal                         
00002c71  Crystalfontz128x128_Init                   
00002ec1  ldexp                                      
00002ec1  ldexpl                                     
00002ec1  scalbn                                     
00002ec1  scalbnl                                    
000030d9  __aeabi_dmul                               
000031d5  Graphics_getStringWidth                    
00003383  SPI_initMaster                             
000034cf  Graphics_drawLineH                         
0000356d  main                                       
00003609  __aeabi_memcpy                             
00003609  __aeabi_memcpy4                            
00003609  __aeabi_memcpy8                            
00003609  memcpy                                     
000036a5  __aeabi_uldivmod                           
0000373d  I2C_read16                                 
000037c9  GPIO_setAsPeripheralModuleFunctionOutputPin
00003851  __aeabi_cdcmpeq                            
00003851  __aeabi_cdcmple                            
000038d7  __aeabi_cdrcmple                           
0000395d  __aeabi_memclr                             
0000395d  __aeabi_memclr4                            
0000395d  __aeabi_memclr8                            
0000395f  __aeabi_memset                             
0000395f  __aeabi_memset4                            
0000395f  __aeabi_memset8                            
00003965  memset                                     
000039d9  SystemInit                                 
00003abf  __aeabi_d2f                                
00003b2d  I2C_masterSendMultiByteFinish              
00003b99  I2C_masterSendMultiByteStart               
00003c01  __TI_decompress_lzss                       
00003c69  frexp                                      
00003c69  frexpl                                     
00003ccd  I2C_initMaster                             
00003def  PCM_getCoreVoltageLevel                    
00003e4d  PCM_getPowerMode                           
00003ea7  _hwInit                                    
00003f59  Crystalfontz128x128_SetOrientation         
00003fad  ltoa                                       
00004001  Graphics_initContext                       
000040a5  _graphicsInit                              
000040f1  atoi                                       
0000413d  FlashCtl_setWaitState                      
00004185  Graphics_drawStringCentered                
000041cd  I2C_write16                                
00004215  __aeabi_d2iz                               
0000425d  __TI_auto_init_nobinit_nopinit             
000042e1  GPIO_setAsOutputPin                        
00004361  HAL_LCD_SpiInit                            
000043a1  I2C_masterReceiveMultiByteFinish           
00004421  sprintf                                    
000044a1  HAL_LCD_writeCommand                       
000044d9  I2C_masterSendMultiByteStop                
00004511  __aeabi_f2d                                
00004549  Graphics_drawHorizontalLineOnDisplay       
0000457f  TMP006_init                                
000045b5  CS_setDCOCenteredFrequency                 
000045e9  I2C_masterSendMultiByteNext                
0000461d  _c_int00_noargs                            
00004651  HAL_LCD_PortInit                           
00004681  __aeabi_i2d                                
000046dd  Graphics_drawPixelOnDisplay                
00004709  HAL_LCD_writeData                          
0000475d  GPIO_setOutputHighOnPin                    
00004785  GPIO_setOutputLowOnPin                     
000047ad  WDT_A_holdTimer                            
000047d1  I2C_init                                   
000047f1  _temperatureInit                           
00004811  I2C_setMode                                
0000482d  I2C_setslave                               
00004849  SPI_enableModule                           
00004865  __TI_zero_init_nomemset                    
00004881  memccpy                                    
0000489d  Graphics_clearDisplayOnDisplay             
000048b7  Graphics_setBackgroundColor                
000048d1  Graphics_setFont                           
000048eb  I2C_masterReceiveStart                     
00004905  copysign                                   
00004905  copysignl                                  
0000491f  I2C_getInterruptStatus                     
00004939  I2C_isBusBusy                              
00004951  Init_I2C_GPIO                              
00004981  EUSCI_A_SPI_enable                         
00004997  EUSCI_B_SPI_enable                         
000049ad  Graphics_setForegroundColor                
000049c3  Graphics_translateColorOnDisplay           
000049d9  I2C_clearInterruptFlag                     
000049ef  I2C_disableModule                          
00004a05  I2C_enableModule                           
00004a1b  strchr                                     
00004a31  I2C_masterReceiveMultiByteNext             
00004a45  I2C_setSlaveAddress                        
00004a59  PCM_getPowerState                          
00004a6d  strlen                                     
00004a81  Graphics_clearDisplay                      
00004a93  wcslen                                     
00004aa5  Interrupt_disableMaster                    
00004ab5  PCM_setCoreVoltageLevel                    
00004ac5  PCM_setPowerMode                           
00004ad5  TMP006_readAmbientTemperature              
00004ae5  TMP006_readDeviceId                        
00004af5  TMP006_readObjectVoltage                   
00004b05  __TI_decompress_none                       
00004b13  CPU_cpsid                                  
00004b1f  Reset_Handler                              
00004b41  __aeabi_errno_addr                         
00004b49  _system_pre_init                           
00004b4d  C$$EXIT                                    
00004b4d  abort                                      
00004e48  _ctypes_                                   
00004f4c  g_sFontFixed6x8                            
00005078  g_sCrystalfontz128x128_funcs               
000050b4  i2cConfig                                  
000050e0  __TI_Handler_Table_Base                    
000050ec  __TI_Handler_Table_Limit                   
000050f8  __TI_CINIT_Base                            
00005108  __TI_CINIT_Limit                           
20000000  g_sContext                                 
2000001c  temp                                       
20000020  Lcd_ScreenHeigth                           
20000022  Lcd_ScreenWidth                            
20000024  Lcd_TouchTrim                              
20000026  Lcd_FlagRead                               
20000027  Lcd_FontSolid                              
20000028  Lcd_Orientation                            
20000029  Lcd_PenSolid                               
20000030  g_sCrystalfontz128x128                     
20000048  errno                                      
2000fe00  __stack                                    
20010000  __STACK_END                                
4000480c  WDTCTL_SYM                                 
ffffffff  __TI_pprof_out_hndl                        
ffffffff  __TI_prof_data_size                        
ffffffff  __TI_prof_data_start                       
ffffffff  __binit__                                  
ffffffff  __c_args__                                 
ffffffff  binit                                      
UNDEFED   __mpu_init                                 
UNDEFED   _system_post_cinit                         

[208 symbols]
