******************************************************************************
                  TI ARM Linker Unix v18.12.5                  
******************************************************************************
>> Linked Mon Oct 26 00:14:16 2020

OUTPUT FILE NAME:   <driverLib-timer.out>
ENTRY POINT SYMBOL: "_c_int00_noargs"  address: 00000931


MEMORY CONFIGURATION

         name            origin    length      used     unused   attr    fill
----------------------  --------  ---------  --------  --------  ----  --------
  MAIN                  00000000   00040000  00000b10  0003f4f0  R  X
  INFO                  00200000   00004000  00000000  00004000  R  X
  SRAM_CODE             01000000   00010000  00000204  0000fdfc  RW X
  SRAM_DATA             20000000   00010000  00000204  0000fdfc  RW  


SEGMENT ALLOCATION MAP

run origin  load origin   length   init length attrs members
----------  ----------- ---------- ----------- ----- -------
00000000    00000000    00000b10   00000b10    r-x
  00000000    00000000    000000e4   000000e4    r-- .intvecs
  000000e4    000000e4    000009cc   000009cc    r-x .text
  00000ab0    00000ab0    00000048   00000048    r-- .const
  00000af8    00000af8    00000018   00000018    r-- .cinit
20000000    20000000    00000004   00000000    rw-
  20000000    20000000    00000004   00000000    rw- .data
2000fe00    2000fe00    00000200   00000000    rw-
  2000fe00    2000fe00    00000200   00000000    rw- .stack


SECTION ALLOCATION MAP

 output                                  attributes/
section   page    origin      length       input sections
--------  ----  ----------  ----------   ----------------
.intvecs   0    00000000    000000e4     
                  00000000    000000e4     startup_msp432p401r_ccs.obj (.intvecs:retain)

.text      0    000000e4    000009cc     
                  000000e4    00000334     system_msp432p401r.obj (.text)
                  00000418    00000144     msp432p4xx_driverlib.lib : timer_a.o (.text:privateTimer_AProcessClockSourceDivider)
                  0000055c    00000130                              : cs.o (.text:CS_initClockSignal)
                  0000068c    0000009c     rtsv7M4_T_le_v4SPD16_eabi.lib : memcpy_t2.asm.obj (.text)
                  00000728    00000080     msp432p4xx_driverlib.lib : interrupt.o (.text:Interrupt_enableInterrupt)
                  000007a8    00000068     rtsv7M4_T_le_v4SPD16_eabi.lib : copy_decompress_lzss.c.obj (.text:decompress:lzss:__TI_decompress_lzss)
                  00000810    00000068     main.obj (.text)
                  00000878    00000044     rtsv7M4_T_le_v4SPD16_eabi.lib : autoinit.c.obj (.text:__TI_auto_init_nobinit_nopinit:__TI_auto_init_nobinit_nopinit)
                  000008bc    00000040     msp432p4xx_driverlib.lib : gpio.o (.text:GPIO_setAsOutputPin)
                  000008fc    00000034                              : timer_a.o (.text:Timer_A_configureContinuousMode)
                  00000930    00000034     rtsv7M4_T_le_v4SPD16_eabi.lib : boot_cortex_m.c.obj (.text:_c_int00_noargs:_c_int00_noargs)
                  00000964    00000030     msp432p4xx_driverlib.lib : cs.o (.text:CS_setReferenceOscillatorFrequency)
                  00000994    00000028                              : gpio.o (.text:GPIO_setOutputLowOnPin)
                  000009bc    00000028                              : gpio.o (.text:GPIO_toggleOutputOnPin)
                  000009e4    00000028                              : pcm.o (.text:PCM_gotoLPM0)
                  00000a0c    00000024                              : wdt_a.o (.text:WDT_A_holdTimer)
                  00000a30    00000016                              : timer_a.o (.text:Timer_A_clearInterruptFlag)
                  00000a46    00000016                              : timer_a.o (.text:Timer_A_startCounter)
                  00000a5c    00000010                              : interrupt.o (.text:Interrupt_enableMaster)
                  00000a6c    00000010                              : interrupt.o (.text:Interrupt_enableSleepOnIsrExit)
                  00000a7c    0000000e     rtsv7M4_T_le_v4SPD16_eabi.lib : copy_decompress_none.c.obj (.text:decompress:none:__TI_decompress_none)
                  00000a8a    0000000e     startup_msp432p401r_ccs.obj (.text)
                  00000a98    0000000c     msp432p4xx_driverlib.lib : cpu.o (.text:CPU_cpsie)
                  00000aa4    00000004                              : cpu.o (.text:CPU_wfi)
                  00000aa8    00000004     rtsv7M4_T_le_v4SPD16_eabi.lib : pre_init.c.obj (.text:_system_pre_init)
                  00000aac    00000004                                   : exit.c.obj (.text:abort:abort)

.const     0    00000ab0    00000048     
                  00000ab0    00000030     msp432p4xx_driverlib.lib : gpio.o (.const:GPIO_PORT_TO_BASE)
                  00000ae0    00000010     main.obj (.const:continuousModeConfig)
                  00000af0    00000008     msp432p4xx_driverlib.lib : interrupt.o (.const:g_pulEnRegs)

.cinit     0    00000af8    00000018     
                  00000af8    00000008     (.cinit..data.load) [load image, compression = lzss]
                  00000b00    00000008     (__TI_handler_table)
                  00000b08    00000008     (__TI_cinit_table)

.init_array 
*          0    00000000    00000000     UNINITIALIZED

.binit     0    00000000    00000000     

.data      0    20000000    00000004     UNINITIALIZED
                  20000000    00000004     system_msp432p401r.obj (.data)

.stack     0    2000fe00    00000200     UNINITIALIZED
                  2000fe00    00000004     rtsv7M4_T_le_v4SPD16_eabi.lib : boot_cortex_m.c.obj (.stack)
                  2000fe04    000001fc     --HOLE--

MODULE SUMMARY

       Module                        code   ro data   rw data
       ------                        ----   -------   -------
    ./
       system_msp432p401r.obj        820    0         8      
       startup_msp432p401r_ccs.obj   14     228       0      
       main.obj                      104    16        0      
    +--+-----------------------------+------+---------+---------+
       Total:                        938    244       8      
                                                             
    /Applications/ti/ccs930/ccs/tools/compiler/ti-cgt-arm_18.12.5.LTS/lib/rtsv7M4_T_le_v4SPD16_eabi.lib
       memcpy_t2.asm.obj             156    0         0      
       copy_decompress_lzss.c.obj    104    0         0      
       autoinit.c.obj                68     0         0      
       boot_cortex_m.c.obj           52     0         0      
       copy_decompress_none.c.obj    14     0         0      
       exit.c.obj                    4      0         0      
       pre_init.c.obj                4      0         0      
    +--+-----------------------------+------+---------+---------+
       Total:                        402    0         0      
                                                             
    /Users/sinan/ti/simplelink_msp432p4_sdk_3_40_01_02/source/ti/devices/msp432p4xx/driverlib/ccs/msp432p4xx_driverlib.lib
       timer_a.o                     420    0         0      
       cs.o                          352    0         0      
       gpio.o                        144    48        0      
       interrupt.o                   160    8         0      
       pcm.o                         40     0         0      
       wdt_a.o                       36     0         0      
       cpu.o                         16     0         0      
    +--+-----------------------------+------+---------+---------+
       Total:                        1168   56        0      
                                                             
       Stack:                        0      0         1024   
       Linker Generated:             0      24        0      
    +--+-----------------------------+------+---------+---------+
       Grand Total:                  2508   324       1032   


LINKER GENERATED COPY TABLES

__TI_cinit_table @ 00000b08 records: 1, size/record: 8, table size: 8
	.data: load addr=00000af8, load size=00000008 bytes, run addr=20000000, run size=00000004 bytes, compression=lzss


LINKER GENERATED HANDLER TABLE

__TI_handler_table @ 00000b00 records: 2, size/record: 4, table size: 8
	index: 0, handler: __TI_decompress_lzss
	index: 1, handler: __TI_decompress_none


GLOBAL SYMBOLS: SORTED ALPHABETICALLY BY Name 

address   name                              
-------   ----                              
00000a97  ADC14_IRQHandler                  
00000a97  AES256_IRQHandler                 
00000a97  BusFault_Handler                  
00000aad  C$$EXIT                           
00000a97  COMP_E0_IRQHandler                
00000a97  COMP_E1_IRQHandler                
00000a99  CPU_cpsie                         
00000aa5  CPU_wfi                           
00000a97  CS_IRQHandler                     
0000055d  CS_initClockSignal                
00000965  CS_setReferenceOscillatorFrequency
00000a97  DMA_ERR_IRQHandler                
00000a97  DMA_INT0_IRQHandler               
00000a97  DMA_INT1_IRQHandler               
00000a97  DMA_INT2_IRQHandler               
00000a97  DMA_INT3_IRQHandler               
00000a97  DebugMon_Handler                  
00000a97  Default_Handler                   
00000a97  EUSCIA0_IRQHandler                
00000a97  EUSCIA1_IRQHandler                
00000a97  EUSCIA2_IRQHandler                
00000a97  EUSCIA3_IRQHandler                
00000a97  EUSCIB0_IRQHandler                
00000a97  EUSCIB1_IRQHandler                
00000a97  EUSCIB2_IRQHandler                
00000a97  EUSCIB3_IRQHandler                
00000a97  FLCTL_IRQHandler                  
00000a97  FPU_IRQHandler                    
000008bd  GPIO_setAsOutputPin               
00000995  GPIO_setOutputLowOnPin            
000009bd  GPIO_toggleOutputOnPin            
00000a97  HardFault_Handler                 
00000729  Interrupt_enableInterrupt         
00000a5d  Interrupt_enableMaster            
00000a6d  Interrupt_enableSleepOnIsrExit    
00000a97  MemManage_Handler                 
00000a97  NMI_Handler                       
00000a97  PCM_IRQHandler                    
000009e5  PCM_gotoLPM0                      
00000a97  PORT1_IRQHandler                  
00000a97  PORT2_IRQHandler                  
00000a97  PORT3_IRQHandler                  
00000a97  PORT4_IRQHandler                  
00000a97  PORT5_IRQHandler                  
00000a97  PORT6_IRQHandler                  
00000a97  PSS_IRQHandler                    
00000a97  PendSV_Handler                    
00000a97  RTC_C_IRQHandler                  
00000a8b  Reset_Handler                     
00000a97  SVC_Handler                       
00000a97  SysTick_Handler                   
20000000  SystemCoreClock                   
000000e5  SystemCoreClockUpdate             
0000035d  SystemInit                        
00000a97  T32_INT1_IRQHandler               
00000a97  T32_INT2_IRQHandler               
00000a97  T32_INTC_IRQHandler               
00000a97  TA0_0_IRQHandler                  
00000861  TA0_N_IRQHandler                  
00000861  TA0_N_IRQHandler                  
00000a97  TA1_0_IRQHandler                  
00000a97  TA1_N_IRQHandler                  
00000a97  TA2_0_IRQHandler                  
00000a97  TA2_N_IRQHandler                  
00000a97  TA3_0_IRQHandler                  
00000a97  TA3_N_IRQHandler                  
00000a31  Timer_A_clearInterruptFlag        
000008fd  Timer_A_configureContinuousMode   
00000a47  Timer_A_startCounter              
00000a97  UsageFault_Handler                
4000480c  WDTCTL_SYM                        
00000a97  WDT_A_IRQHandler                  
00000a0d  WDT_A_holdTimer                   
20010000  __STACK_END                       
00000200  __STACK_SIZE                      
00000b08  __TI_CINIT_Base                   
00000b10  __TI_CINIT_Limit                  
00000b00  __TI_Handler_Table_Base           
00000b08  __TI_Handler_Table_Limit          
00000879  __TI_auto_init_nobinit_nopinit    
000007a9  __TI_decompress_lzss              
00000a7d  __TI_decompress_none              
ffffffff  __TI_pprof_out_hndl               
ffffffff  __TI_prof_data_size               
ffffffff  __TI_prof_data_start              
00000000  __TI_static_base__                
0000068d  __aeabi_memcpy                    
0000068d  __aeabi_memcpy4                   
0000068d  __aeabi_memcpy8                   
ffffffff  __binit__                         
ffffffff  __c_args__                        
UNDEFED   __mpu_init                        
2000fe00  __stack                           
00000931  _c_int00_noargs                   
UNDEFED   _system_post_cinit                
00000aa9  _system_pre_init                  
00000aad  abort                             
ffffffff  binit                             
00000ae0  continuousModeConfig              
00000000  interruptVectors                  
00000811  main                              
0000068d  memcpy                            


GLOBAL SYMBOLS: SORTED BY Symbol Address 

address   name                              
-------   ----                              
00000000  __TI_static_base__                
00000000  interruptVectors                  
000000e5  SystemCoreClockUpdate             
00000200  __STACK_SIZE                      
0000035d  SystemInit                        
0000055d  CS_initClockSignal                
0000068d  __aeabi_memcpy                    
0000068d  __aeabi_memcpy4                   
0000068d  __aeabi_memcpy8                   
0000068d  memcpy                            
00000729  Interrupt_enableInterrupt         
000007a9  __TI_decompress_lzss              
00000811  main                              
00000861  TA0_N_IRQHandler                  
00000861  TA0_N_IRQHandler                  
00000879  __TI_auto_init_nobinit_nopinit    
000008bd  GPIO_setAsOutputPin               
000008fd  Timer_A_configureContinuousMode   
00000931  _c_int00_noargs                   
00000965  CS_setReferenceOscillatorFrequency
00000995  GPIO_setOutputLowOnPin            
000009bd  GPIO_toggleOutputOnPin            
000009e5  PCM_gotoLPM0                      
00000a0d  WDT_A_holdTimer                   
00000a31  Timer_A_clearInterruptFlag        
00000a47  Timer_A_startCounter              
00000a5d  Interrupt_enableMaster            
00000a6d  Interrupt_enableSleepOnIsrExit    
00000a7d  __TI_decompress_none              
00000a8b  Reset_Handler                     
00000a97  ADC14_IRQHandler                  
00000a97  AES256_IRQHandler                 
00000a97  BusFault_Handler                  
00000a97  COMP_E0_IRQHandler                
00000a97  COMP_E1_IRQHandler                
00000a97  CS_IRQHandler                     
00000a97  DMA_ERR_IRQHandler                
00000a97  DMA_INT0_IRQHandler               
00000a97  DMA_INT1_IRQHandler               
00000a97  DMA_INT2_IRQHandler               
00000a97  DMA_INT3_IRQHandler               
00000a97  DebugMon_Handler                  
00000a97  Default_Handler                   
00000a97  EUSCIA0_IRQHandler                
00000a97  EUSCIA1_IRQHandler                
00000a97  EUSCIA2_IRQHandler                
00000a97  EUSCIA3_IRQHandler                
00000a97  EUSCIB0_IRQHandler                
00000a97  EUSCIB1_IRQHandler                
00000a97  EUSCIB2_IRQHandler                
00000a97  EUSCIB3_IRQHandler                
00000a97  FLCTL_IRQHandler                  
00000a97  FPU_IRQHandler                    
00000a97  HardFault_Handler                 
00000a97  MemManage_Handler                 
00000a97  NMI_Handler                       
00000a97  PCM_IRQHandler                    
00000a97  PORT1_IRQHandler                  
00000a97  PORT2_IRQHandler                  
00000a97  PORT3_IRQHandler                  
00000a97  PORT4_IRQHandler                  
00000a97  PORT5_IRQHandler                  
00000a97  PORT6_IRQHandler                  
00000a97  PSS_IRQHandler                    
00000a97  PendSV_Handler                    
00000a97  RTC_C_IRQHandler                  
00000a97  SVC_Handler                       
00000a97  SysTick_Handler                   
00000a97  T32_INT1_IRQHandler               
00000a97  T32_INT2_IRQHandler               
00000a97  T32_INTC_IRQHandler               
00000a97  TA0_0_IRQHandler                  
00000a97  TA1_0_IRQHandler                  
00000a97  TA1_N_IRQHandler                  
00000a97  TA2_0_IRQHandler                  
00000a97  TA2_N_IRQHandler                  
00000a97  TA3_0_IRQHandler                  
00000a97  TA3_N_IRQHandler                  
00000a97  UsageFault_Handler                
00000a97  WDT_A_IRQHandler                  
00000a99  CPU_cpsie                         
00000aa5  CPU_wfi                           
00000aa9  _system_pre_init                  
00000aad  C$$EXIT                           
00000aad  abort                             
00000ae0  continuousModeConfig              
00000b00  __TI_Handler_Table_Base           
00000b08  __TI_CINIT_Base                   
00000b08  __TI_Handler_Table_Limit          
00000b10  __TI_CINIT_Limit                  
20000000  SystemCoreClock                   
2000fe00  __stack                           
20010000  __STACK_END                       
4000480c  WDTCTL_SYM                        
ffffffff  __TI_pprof_out_hndl               
ffffffff  __TI_prof_data_size               
ffffffff  __TI_prof_data_start              
ffffffff  __binit__                         
ffffffff  __c_args__                        
ffffffff  binit                             
UNDEFED   __mpu_init                        
UNDEFED   _system_post_cinit                

[102 symbols]
