******************************************************************************
                  TI ARM Linker Unix v18.12.5                  
******************************************************************************
>> Linked Fri Oct 16 09:34:14 2020

OUTPUT FILE NAME:   <button.out>
ENTRY POINT SYMBOL: "_c_int00_noargs"  address: 000005c9


MEMORY CONFIGURATION

         name            origin    length      used     unused   attr    fill
----------------------  --------  ---------  --------  --------  ----  --------
  MAIN                  00000000   00040000  00000638  0003f9c8  R  X
  INFO                  00200000   00004000  00000000  00004000  R  X
  SRAM_CODE             01000000   00010000  00000204  0000fdfc  RW X
  SRAM_DATA             20000000   00010000  00000204  0000fdfc  RW  


SEGMENT ALLOCATION MAP

run origin  load origin   length   init length attrs members
----------  ----------- ---------- ----------- ----- -------
00000000    00000000    00000638   00000638    r-x
  00000000    00000000    000000e4   000000e4    r-- .intvecs
  000000e4    000000e4    0000053c   0000053c    r-x .text
  00000620    00000620    00000018   00000018    r-- .cinit
20000000    20000000    00000004   00000000    rw-
  20000000    20000000    00000004   00000000    rw- .data
2000fe00    2000fe00    00000200   00000000    rw-
  2000fe00    2000fe00    00000200   00000000    rw- .stack


SECTION ALLOCATION MAP

 output                                  attributes/
section   page    origin      length       input sections
--------  ----  ----------  ----------   ----------------
.intvecs   0    00000000    000000e4     
                  00000000    000000e4     startup_msp432p401r_ccs.obj (.intvecs:retain)

.text      0    000000e4    0000053c     
                  000000e4    00000334     system_msp432p401r.obj (.text)
                  00000418    0000009c     rtsv7M4_T_le_v4SPD16_eabi.lib : memcpy_t2.asm.obj (.text)
                  000004b4    00000068                                   : copy_decompress_lzss.c.obj (.text:decompress:lzss:__TI_decompress_lzss)
                  0000051c    00000068     main.obj (.text)
                  00000584    00000044     rtsv7M4_T_le_v4SPD16_eabi.lib : autoinit.c.obj (.text:__TI_auto_init_nobinit_nopinit:__TI_auto_init_nobinit_nopinit)
                  000005c8    00000034                                   : boot_cortex_m.c.obj (.text:_c_int00_noargs:_c_int00_noargs)
                  000005fc    0000000e                                   : copy_decompress_none.c.obj (.text:decompress:none:__TI_decompress_none)
                  0000060a    0000000e     startup_msp432p401r_ccs.obj (.text)
                  00000618    00000004     rtsv7M4_T_le_v4SPD16_eabi.lib : pre_init.c.obj (.text:_system_pre_init)
                  0000061c    00000004                                   : exit.c.obj (.text:abort:abort)

.cinit     0    00000620    00000018     
                  00000620    00000008     (.cinit..data.load) [load image, compression = lzss]
                  00000628    00000008     (__TI_handler_table)
                  00000630    00000008     (__TI_cinit_table)

.init_array 
*          0    00000000    00000000     UNINITIALIZED

.binit     0    00000000    00000000     

.data      0    20000000    00000004     UNINITIALIZED
                  20000000    00000004     system_msp432p401r.obj (.data)

.stack     0    2000fe00    00000200     UNINITIALIZED
                  2000fe00    00000004     rtsv7M4_T_le_v4SPD16_eabi.lib : boot_cortex_m.c.obj (.stack)
                  2000fe04    000001fc     --HOLE--

MODULE SUMMARY

       Module                        code   ro data   rw data
       ------                        ----   -------   -------
    ./
       system_msp432p401r.obj        820    0         8      
       startup_msp432p401r_ccs.obj   14     228       0      
       main.obj                      104    0         0      
    +--+-----------------------------+------+---------+---------+
       Total:                        938    228       8      
                                                             
    /Applications/ti/ccs930/ccs/tools/compiler/ti-cgt-arm_18.12.5.LTS/lib/rtsv7M4_T_le_v4SPD16_eabi.lib
       memcpy_t2.asm.obj             156    0         0      
       copy_decompress_lzss.c.obj    104    0         0      
       autoinit.c.obj                68     0         0      
       boot_cortex_m.c.obj           52     0         0      
       copy_decompress_none.c.obj    14     0         0      
       exit.c.obj                    4      0         0      
       pre_init.c.obj                4      0         0      
    +--+-----------------------------+------+---------+---------+
       Total:                        402    0         0      
                                                             
       Stack:                        0      0         1024   
       Linker Generated:             0      24        0      
    +--+-----------------------------+------+---------+---------+
       Grand Total:                  1340   252       1032   


LINKER GENERATED COPY TABLES

__TI_cinit_table @ 00000630 records: 1, size/record: 8, table size: 8
	.data: load addr=00000620, load size=00000008 bytes, run addr=20000000, run size=00000004 bytes, compression=lzss


LINKER GENERATED HANDLER TABLE

__TI_handler_table @ 00000628 records: 2, size/record: 4, table size: 8
	index: 0, handler: __TI_decompress_lzss
	index: 1, handler: __TI_decompress_none


GLOBAL SYMBOLS: SORTED ALPHABETICALLY BY Name 

address   name                          
-------   ----                          
00000617  ADC14_IRQHandler              
00000617  AES256_IRQHandler             
00000617  BusFault_Handler              
0000061d  C$$EXIT                       
00000617  COMP_E0_IRQHandler            
00000617  COMP_E1_IRQHandler            
00000617  CS_IRQHandler                 
00000617  DMA_ERR_IRQHandler            
00000617  DMA_INT0_IRQHandler           
00000617  DMA_INT1_IRQHandler           
00000617  DMA_INT2_IRQHandler           
00000617  DMA_INT3_IRQHandler           
00000617  DebugMon_Handler              
00000617  Default_Handler               
00000617  EUSCIA0_IRQHandler            
00000617  EUSCIA1_IRQHandler            
00000617  EUSCIA2_IRQHandler            
00000617  EUSCIA3_IRQHandler            
00000617  EUSCIB0_IRQHandler            
00000617  EUSCIB1_IRQHandler            
00000617  EUSCIB2_IRQHandler            
00000617  EUSCIB3_IRQHandler            
00000617  FLCTL_IRQHandler              
00000617  FPU_IRQHandler                
00000617  HardFault_Handler             
00000617  MemManage_Handler             
00000617  NMI_Handler                   
00000617  PCM_IRQHandler                
00000617  PORT1_IRQHandler              
00000617  PORT2_IRQHandler              
00000617  PORT3_IRQHandler              
00000617  PORT4_IRQHandler              
00000617  PORT5_IRQHandler              
00000617  PORT6_IRQHandler              
00000617  PSS_IRQHandler                
00000617  PendSV_Handler                
00000617  RTC_C_IRQHandler              
0000060b  Reset_Handler                 
00000617  SVC_Handler                   
00000617  SysTick_Handler               
20000000  SystemCoreClock               
000000e5  SystemCoreClockUpdate         
0000035d  SystemInit                    
00000617  T32_INT1_IRQHandler           
00000617  T32_INT2_IRQHandler           
00000617  T32_INTC_IRQHandler           
00000617  TA0_0_IRQHandler              
00000617  TA0_N_IRQHandler              
00000617  TA1_0_IRQHandler              
00000617  TA1_N_IRQHandler              
00000617  TA2_0_IRQHandler              
00000617  TA2_N_IRQHandler              
00000617  TA3_0_IRQHandler              
00000617  TA3_N_IRQHandler              
00000617  UsageFault_Handler            
4000480c  WDTCTL_SYM                    
00000617  WDT_A_IRQHandler              
20010000  __STACK_END                   
00000200  __STACK_SIZE                  
00000630  __TI_CINIT_Base               
00000638  __TI_CINIT_Limit              
00000628  __TI_Handler_Table_Base       
00000630  __TI_Handler_Table_Limit      
00000585  __TI_auto_init_nobinit_nopinit
000004b5  __TI_decompress_lzss          
000005fd  __TI_decompress_none          
ffffffff  __TI_pprof_out_hndl           
ffffffff  __TI_prof_data_size           
ffffffff  __TI_prof_data_start          
00000000  __TI_static_base__            
00000419  __aeabi_memcpy                
00000419  __aeabi_memcpy4               
00000419  __aeabi_memcpy8               
ffffffff  __binit__                     
ffffffff  __c_args__                    
UNDEFED   __mpu_init                    
2000fe00  __stack                       
000005c9  _c_int00_noargs               
UNDEFED   _system_post_cinit            
00000619  _system_pre_init              
0000061d  abort                         
ffffffff  binit                         
00000000  interruptVectors              
0000051d  main                          
00000419  memcpy                        


GLOBAL SYMBOLS: SORTED BY Symbol Address 

address   name                          
-------   ----                          
00000000  __TI_static_base__            
00000000  interruptVectors              
000000e5  SystemCoreClockUpdate         
00000200  __STACK_SIZE                  
0000035d  SystemInit                    
00000419  __aeabi_memcpy                
00000419  __aeabi_memcpy4               
00000419  __aeabi_memcpy8               
00000419  memcpy                        
000004b5  __TI_decompress_lzss          
0000051d  main                          
00000585  __TI_auto_init_nobinit_nopinit
000005c9  _c_int00_noargs               
000005fd  __TI_decompress_none          
0000060b  Reset_Handler                 
00000617  ADC14_IRQHandler              
00000617  AES256_IRQHandler             
00000617  BusFault_Handler              
00000617  COMP_E0_IRQHandler            
00000617  COMP_E1_IRQHandler            
00000617  CS_IRQHandler                 
00000617  DMA_ERR_IRQHandler            
00000617  DMA_INT0_IRQHandler           
00000617  DMA_INT1_IRQHandler           
00000617  DMA_INT2_IRQHandler           
00000617  DMA_INT3_IRQHandler           
00000617  DebugMon_Handler              
00000617  Default_Handler               
00000617  EUSCIA0_IRQHandler            
00000617  EUSCIA1_IRQHandler            
00000617  EUSCIA2_IRQHandler            
00000617  EUSCIA3_IRQHandler            
00000617  EUSCIB0_IRQHandler            
00000617  EUSCIB1_IRQHandler            
00000617  EUSCIB2_IRQHandler            
00000617  EUSCIB3_IRQHandler            
00000617  FLCTL_IRQHandler              
00000617  FPU_IRQHandler                
00000617  HardFault_Handler             
00000617  MemManage_Handler             
00000617  NMI_Handler                   
00000617  PCM_IRQHandler                
00000617  PORT1_IRQHandler              
00000617  PORT2_IRQHandler              
00000617  PORT3_IRQHandler              
00000617  PORT4_IRQHandler              
00000617  PORT5_IRQHandler              
00000617  PORT6_IRQHandler              
00000617  PSS_IRQHandler                
00000617  PendSV_Handler                
00000617  RTC_C_IRQHandler              
00000617  SVC_Handler                   
00000617  SysTick_Handler               
00000617  T32_INT1_IRQHandler           
00000617  T32_INT2_IRQHandler           
00000617  T32_INTC_IRQHandler           
00000617  TA0_0_IRQHandler              
00000617  TA0_N_IRQHandler              
00000617  TA1_0_IRQHandler              
00000617  TA1_N_IRQHandler              
00000617  TA2_0_IRQHandler              
00000617  TA2_N_IRQHandler              
00000617  TA3_0_IRQHandler              
00000617  TA3_N_IRQHandler              
00000617  UsageFault_Handler            
00000617  WDT_A_IRQHandler              
00000619  _system_pre_init              
0000061d  C$$EXIT                       
0000061d  abort                         
00000628  __TI_Handler_Table_Base       
00000630  __TI_CINIT_Base               
00000630  __TI_Handler_Table_Limit      
00000638  __TI_CINIT_Limit              
20000000  SystemCoreClock               
2000fe00  __stack                       
20010000  __STACK_END                   
4000480c  WDTCTL_SYM                    
ffffffff  __TI_pprof_out_hndl           
ffffffff  __TI_prof_data_size           
ffffffff  __TI_prof_data_start          
ffffffff  __binit__                     
ffffffff  __c_args__                    
ffffffff  binit                         
UNDEFED   __mpu_init                    
UNDEFED   _system_post_cinit            

[85 symbols]
