******************************************************************************
                  TI ARM Linker Unix v18.12.5                  
******************************************************************************
>> Linked Fri Oct 30 11:50:33 2020

OUTPUT FILE NAME:   <assignment3-a.out>
ENTRY POINT SYMBOL: "_c_int00_noargs"  address: 00000c25


MEMORY CONFIGURATION

         name            origin    length      used     unused   attr    fill
----------------------  --------  ---------  --------  --------  ----  --------
  MAIN                  00000000   00040000  0000103c  0003efc4  R  X
  INFO                  00200000   00004000  00000000  00004000  R  X
  SRAM_CODE             01000000   00010000  0000020d  0000fdf3  RW X
  SRAM_DATA             20000000   00010000  0000020d  0000fdf3  RW  


SEGMENT ALLOCATION MAP

run origin  load origin   length   init length attrs members
----------  ----------- ---------- ----------- ----- -------
00000000    00000000    00001040   00001040    r-x
  00000000    00000000    000000e4   000000e4    r-- .intvecs
  000000e4    000000e4    00000e70   00000e70    r-x .text
  00000f54    00000f54    000000b8   000000b8    r-- .const
  00001010    00001010    00000030   00000030    r-- .cinit
20000000    20000000    0000000d   00000000    rw-
  20000000    20000000    00000008   00000000    rw- .bss
  20000008    20000008    00000005   00000000    rw- .data
2000fe00    2000fe00    00000200   00000000    rw-
  2000fe00    2000fe00    00000200   00000000    rw- .stack


SECTION ALLOCATION MAP

 output                                  attributes/
section   page    origin      length       input sections
--------  ----  ----------  ----------   ----------------
.intvecs   0    00000000    000000e4     
                  00000000    000000e4     startup_msp432p401r_ccs.obj (.intvecs:retain)

.text      0    000000e4    00000e70     
                  000000e4    00000334     system_msp432p401r.obj (.text)
                  00000418    000001fc     main.obj (.text)
                  00000614    00000160     msp432p4xx_driverlib.lib : adc14.o (.text:_getIndexForMemRegister)
                  00000774    000000b4                              : adc14.o (.text:ADC14_configureConversionMemory)
                  00000828    0000009c     rtsv7M4_T_le_v4SPD16_eabi.lib : memcpy_t2.asm.obj (.text)
                  000008c4    00000084     msp432p4xx_driverlib.lib : gpio.o (.text:GPIO_getEnabledInterruptStatus)
                  00000948    00000080                              : interrupt.o (.text:Interrupt_enableInterrupt)
                  000009c8    00000068     rtsv7M4_T_le_v4SPD16_eabi.lib : copy_decompress_lzss.c.obj (.text:decompress:lzss:__TI_decompress_lzss)
                  00000a30    00000058     msp432p4xx_driverlib.lib : adc14.o (.text:ADC14_configureSingleSampleMode)
                  00000a88    00000058                              : gpio.o (.text:GPIO_setAsInputPinWithPullUpResistor)
                  00000ae0    00000054                              : adc14.o (.text:ADC14_initModule)
                  00000b34    00000044     rtsv7M4_T_le_v4SPD16_eabi.lib : autoinit.c.obj (.text:__TI_auto_init_nobinit_nopinit:__TI_auto_init_nobinit_nopinit)
                  00000b78    00000040     msp432p4xx_driverlib.lib : gpio.o (.text:GPIO_setAsOutputPin)
                  00000bb8    00000038                              : adc14.o (.text:ADC14_getEnabledInterruptStatus)
                  00000bf0    00000034                              : adc14.o (.text:ADC14_enableSampleTimer)
                  00000c24    00000034     rtsv7M4_T_le_v4SPD16_eabi.lib : boot_cortex_m.c.obj (.text:_c_int00_noargs:_c_int00_noargs)
                  00000c58    00000030     msp432p4xx_driverlib.lib : adc14.o (.text:ADC14_clearInterruptFlag)
                  00000c88    00000030                              : adc14.o (.text:ADC14_enableInterrupt)
                  00000cb8    00000030                              : adc14.o (.text:ADC14_setSampleHoldTime)
                  00000ce8    0000002c                              : adc14.o (.text:ADC14_getInterruptStatus)
                  00000d14    0000002c                              : adc14.o (.text:ADC14_toggleConversionTrigger)
                  00000d40    00000028                              : adc14.o (.text:ADC14_enableConversion)
                  00000d68    00000028                              : adc14.o (.text:ADC14_getResult)
                  00000d90    00000028                              : gpio.o (.text:GPIO_clearInterruptFlag)
                  00000db8    00000028                              : gpio.o (.text:GPIO_enableInterrupt)
                  00000de0    00000028                              : gpio.o (.text:GPIO_setOutputLowOnPin)
                  00000e08    00000028                              : gpio.o (.text:GPIO_toggleOutputOnPin)
                  00000e30    00000028                              : pcm.o (.text:PCM_gotoLPM0)
                  00000e58    00000024                              : gpio.o (.text:GPIO_getInterruptStatus)
                  00000e7c    00000024                              : wdt_a.o (.text:WDT_A_holdTimer)
                  00000ea0    00000020                              : ref_a.o (.text:REF_A_setReferenceVoltage)
                  00000ec0    0000001c                              : sysctl.o (.text:SysCtl_getTempCalibrationConstant)
                  00000edc    0000001c     rtsv7M4_T_le_v4SPD16_eabi.lib : copy_zero_init.c.obj (.text:decompress:ZI:__TI_zero_init_nomemset:__TI_zero_init_nomemset)
                  00000ef8    00000010     msp432p4xx_driverlib.lib : adc14.o (.text:ADCIsConversionRunning)
                  00000f08    0000000e     rtsv7M4_T_le_v4SPD16_eabi.lib : copy_decompress_none.c.obj (.text:decompress:none:__TI_decompress_none)
                  00000f16    0000000e     startup_msp432p401r_ccs.obj (.text)
                  00000f24    0000000c     msp432p4xx_driverlib.lib : adc14.o (.text:ADC14_enableModule)
                  00000f30    0000000c                              : ref_a.o (.text:REF_A_enableReferenceVoltage)
                  00000f3c    0000000c                              : ref_a.o (.text:REF_A_enableTempSensor)
                  00000f48    00000004                              : cpu.o (.text:CPU_wfi)
                  00000f4c    00000004     rtsv7M4_T_le_v4SPD16_eabi.lib : pre_init.c.obj (.text:_system_pre_init)
                  00000f50    00000004                                   : exit.c.obj (.text:abort:abort)

.const     0    00000f54    000000b8     
                  00000f54    00000080     msp432p4xx_driverlib.lib : adc14.o (.const:_ctlRegs)
                  00000fd4    00000030                              : gpio.o (.const:GPIO_PORT_TO_BASE)
                  00001004    00000008                              : interrupt.o (.const:g_pulEnRegs)

.cinit     0    00001010    00000030     
                  00001010    0000000c     (__TI_handler_table)
                  0000101c    00000009     (.cinit..data.load) [load image, compression = lzss]
                  00001025    00000003     --HOLE-- [fill = 0]
                  00001028    00000008     (.cinit..bss.load) [load image, compression = zero_init]
                  00001030    00000010     (__TI_cinit_table)

.init_array 
*          0    00000000    00000000     UNINITIALIZED

.binit     0    00000000    00000000     

.bss       0    20000000    00000008     UNINITIALIZED
                  20000000    00000004     (.common:cal30)
                  20000004    00000004     (.common:calDifference)

.data      0    20000008    00000005     UNINITIALIZED
                  20000008    00000004     system_msp432p401r.obj (.data)
                  2000000c    00000001     main.obj (.data)

.stack     0    2000fe00    00000200     UNINITIALIZED
                  2000fe00    00000004     rtsv7M4_T_le_v4SPD16_eabi.lib : boot_cortex_m.c.obj (.stack)
                  2000fe04    000001fc     --HOLE--

MODULE SUMMARY

       Module                        code   ro data   rw data
       ------                        ----   -------   -------
    ./
       system_msp432p401r.obj        820    0         8      
       main.obj                      508    0         18     
       startup_msp432p401r_ccs.obj   14     228       0      
    +--+-----------------------------+------+---------+---------+
       Total:                        1342   228       26     
                                                             
    /Applications/ti/ccs930/ccs/tools/compiler/ti-cgt-arm_18.12.5.LTS/lib/rtsv7M4_T_le_v4SPD16_eabi.lib
       memcpy_t2.asm.obj             156    0         0      
       copy_decompress_lzss.c.obj    104    0         0      
       autoinit.c.obj                68     0         0      
       boot_cortex_m.c.obj           52     0         0      
       copy_zero_init.c.obj          28     0         0      
       copy_decompress_none.c.obj    14     0         0      
       exit.c.obj                    4      0         0      
       pre_init.c.obj                4      0         0      
    +--+-----------------------------+------+---------+---------+
       Total:                        430    0         0      
                                                             
    /Users/sinan/ti/simplelink_msp432p4_sdk_3_40_01_02/source/ti/devices/msp432p4xx/driverlib/ccs/msp432p4xx_driverlib.lib
       adc14.o                       1152   128       0      
       gpio.o                        480    48        0      
       interrupt.o                   128    8         0      
       ref_a.o                       56     0         0      
       pcm.o                         40     0         0      
       wdt_a.o                       36     0         0      
       sysctl.o                      28     0         0      
       cpu.o                         4      0         0      
    +--+-----------------------------+------+---------+---------+
       Total:                        1924   184       0      
                                                             
       Stack:                        0      0         1024   
       Linker Generated:             0      45        0      
    +--+-----------------------------+------+---------+---------+
       Grand Total:                  3696   457       1050   


LINKER GENERATED COPY TABLES

__TI_cinit_table @ 00001030 records: 2, size/record: 8, table size: 16
	.data: load addr=0000101c, load size=00000009 bytes, run addr=20000008, run size=00000005 bytes, compression=lzss
	.bss: load addr=00001028, load size=00000008 bytes, run addr=20000000, run size=00000008 bytes, compression=zero_init


LINKER GENERATED HANDLER TABLE

__TI_handler_table @ 00001010 records: 3, size/record: 4, table size: 12
	index: 0, handler: __TI_decompress_lzss
	index: 1, handler: __TI_decompress_none
	index: 2, handler: __TI_zero_init


GLOBAL SYMBOLS: SORTED ALPHABETICALLY BY Name 

address   name                                
-------   ----                                
0000054f  ADC14_IRQHandler                    
0000054f  ADC14_IRQHandler                    
00000c59  ADC14_clearInterruptFlag            
00000775  ADC14_configureConversionMemory     
00000a31  ADC14_configureSingleSampleMode     
00000d41  ADC14_enableConversion              
00000c89  ADC14_enableInterrupt               
00000f25  ADC14_enableModule                  
00000bf1  ADC14_enableSampleTimer             
00000bb9  ADC14_getEnabledInterruptStatus     
00000ce9  ADC14_getInterruptStatus            
00000d69  ADC14_getResult                     
00000ae1  ADC14_initModule                    
00000cb9  ADC14_setSampleHoldTime             
00000d15  ADC14_toggleConversionTrigger       
00000f23  AES256_IRQHandler                   
00000f23  BusFault_Handler                    
00000f51  C$$EXIT                             
00000f23  COMP_E0_IRQHandler                  
00000f23  COMP_E1_IRQHandler                  
00000f49  CPU_wfi                             
00000f23  CS_IRQHandler                       
00000f23  DMA_ERR_IRQHandler                  
00000f23  DMA_INT0_IRQHandler                 
00000f23  DMA_INT1_IRQHandler                 
00000f23  DMA_INT2_IRQHandler                 
00000f23  DMA_INT3_IRQHandler                 
00000f23  DebugMon_Handler                    
00000f23  Default_Handler                     
00000f23  EUSCIA0_IRQHandler                  
00000f23  EUSCIA1_IRQHandler                  
00000f23  EUSCIA2_IRQHandler                  
00000f23  EUSCIA3_IRQHandler                  
00000f23  EUSCIB0_IRQHandler                  
00000f23  EUSCIB1_IRQHandler                  
00000f23  EUSCIB2_IRQHandler                  
00000f23  EUSCIB3_IRQHandler                  
00000f23  FLCTL_IRQHandler                    
00000f23  FPU_IRQHandler                      
00000d91  GPIO_clearInterruptFlag             
00000db9  GPIO_enableInterrupt                
000008c5  GPIO_getEnabledInterruptStatus      
00000e59  GPIO_getInterruptStatus             
00000a89  GPIO_setAsInputPinWithPullUpResistor
00000b79  GPIO_setAsOutputPin                 
00000de1  GPIO_setOutputLowOnPin              
00000e09  GPIO_toggleOutputOnPin              
00000f23  HardFault_Handler                   
00000949  Interrupt_enableInterrupt           
00000f23  MemManage_Handler                   
00000f23  NMI_Handler                         
00000f23  PCM_IRQHandler                      
00000e31  PCM_gotoLPM0                        
0000051b  PORT1_IRQHandler                    
0000051b  PORT1_IRQHandler                    
00000f23  PORT2_IRQHandler                    
00000f23  PORT3_IRQHandler                    
00000f23  PORT4_IRQHandler                    
00000f23  PORT5_IRQHandler                    
00000f23  PORT6_IRQHandler                    
00000f23  PSS_IRQHandler                      
00000f23  PendSV_Handler                      
00000f31  REF_A_enableReferenceVoltage        
00000f3d  REF_A_enableTempSensor              
00000ea1  REF_A_setReferenceVoltage           
00000f23  RTC_C_IRQHandler                    
00000f17  Reset_Handler                       
00000f23  SVC_Handler                         
00000ec1  SysCtl_getTempCalibrationConstant   
00000f23  SysTick_Handler                     
20000008  SystemCoreClock                     
000000e5  SystemCoreClockUpdate               
0000035d  SystemInit                          
00000f23  T32_INT1_IRQHandler                 
00000f23  T32_INT2_IRQHandler                 
00000f23  T32_INTC_IRQHandler                 
00000f23  TA0_0_IRQHandler                    
00000f23  TA0_N_IRQHandler                    
00000f23  TA1_0_IRQHandler                    
00000f23  TA1_N_IRQHandler                    
00000f23  TA2_0_IRQHandler                    
00000f23  TA2_N_IRQHandler                    
00000f23  TA3_0_IRQHandler                    
00000f23  TA3_N_IRQHandler                    
00000f23  UsageFault_Handler                  
4000480c  WDTCTL_SYM                          
00000f23  WDT_A_IRQHandler                    
00000e7d  WDT_A_holdTimer                     
000004b1  _ADCConfigure                       
20010000  __STACK_END                         
00000200  __STACK_SIZE                        
00001030  __TI_CINIT_Base                     
00001040  __TI_CINIT_Limit                    
00001010  __TI_Handler_Table_Base             
0000101c  __TI_Handler_Table_Limit            
00000b35  __TI_auto_init_nobinit_nopinit      
000009c9  __TI_decompress_lzss                
00000f09  __TI_decompress_none                
ffffffff  __TI_pprof_out_hndl                 
ffffffff  __TI_prof_data_size                 
ffffffff  __TI_prof_data_start                
00000000  __TI_static_base__                  
00000edd  __TI_zero_init_nomemset             
00000829  __aeabi_memcpy                      
00000829  __aeabi_memcpy4                     
00000829  __aeabi_memcpy8                     
ffffffff  __binit__                           
ffffffff  __c_args__                          
UNDEFED   __mpu_init                          
2000fe00  __stack                             
00000c25  _c_int00_noargs                     
00000457  _portConfigure                      
UNDEFED   _system_post_cinit                  
00000f4d  _system_pre_init                    
00000419  _temperatureConfigure               
00000f51  abort                               
2000000c  adc_request                         
ffffffff  binit                               
20000000  cal30                               
20000004  calDifference                       
00000000  interruptVectors                    
00000503  main                                
00000829  memcpy                              


GLOBAL SYMBOLS: SORTED BY Symbol Address 

address   name                                
-------   ----                                
00000000  __TI_static_base__                  
00000000  interruptVectors                    
000000e5  SystemCoreClockUpdate               
00000200  __STACK_SIZE                        
0000035d  SystemInit                          
00000419  _temperatureConfigure               
00000457  _portConfigure                      
000004b1  _ADCConfigure                       
00000503  main                                
0000051b  PORT1_IRQHandler                    
0000051b  PORT1_IRQHandler                    
0000054f  ADC14_IRQHandler                    
0000054f  ADC14_IRQHandler                    
00000775  ADC14_configureConversionMemory     
00000829  __aeabi_memcpy                      
00000829  __aeabi_memcpy4                     
00000829  __aeabi_memcpy8                     
00000829  memcpy                              
000008c5  GPIO_getEnabledInterruptStatus      
00000949  Interrupt_enableInterrupt           
000009c9  __TI_decompress_lzss                
00000a31  ADC14_configureSingleSampleMode     
00000a89  GPIO_setAsInputPinWithPullUpResistor
00000ae1  ADC14_initModule                    
00000b35  __TI_auto_init_nobinit_nopinit      
00000b79  GPIO_setAsOutputPin                 
00000bb9  ADC14_getEnabledInterruptStatus     
00000bf1  ADC14_enableSampleTimer             
00000c25  _c_int00_noargs                     
00000c59  ADC14_clearInterruptFlag            
00000c89  ADC14_enableInterrupt               
00000cb9  ADC14_setSampleHoldTime             
00000ce9  ADC14_getInterruptStatus            
00000d15  ADC14_toggleConversionTrigger       
00000d41  ADC14_enableConversion              
00000d69  ADC14_getResult                     
00000d91  GPIO_clearInterruptFlag             
00000db9  GPIO_enableInterrupt                
00000de1  GPIO_setOutputLowOnPin              
00000e09  GPIO_toggleOutputOnPin              
00000e31  PCM_gotoLPM0                        
00000e59  GPIO_getInterruptStatus             
00000e7d  WDT_A_holdTimer                     
00000ea1  REF_A_setReferenceVoltage           
00000ec1  SysCtl_getTempCalibrationConstant   
00000edd  __TI_zero_init_nomemset             
00000f09  __TI_decompress_none                
00000f17  Reset_Handler                       
00000f23  AES256_IRQHandler                   
00000f23  BusFault_Handler                    
00000f23  COMP_E0_IRQHandler                  
00000f23  COMP_E1_IRQHandler                  
00000f23  CS_IRQHandler                       
00000f23  DMA_ERR_IRQHandler                  
00000f23  DMA_INT0_IRQHandler                 
00000f23  DMA_INT1_IRQHandler                 
00000f23  DMA_INT2_IRQHandler                 
00000f23  DMA_INT3_IRQHandler                 
00000f23  DebugMon_Handler                    
00000f23  Default_Handler                     
00000f23  EUSCIA0_IRQHandler                  
00000f23  EUSCIA1_IRQHandler                  
00000f23  EUSCIA2_IRQHandler                  
00000f23  EUSCIA3_IRQHandler                  
00000f23  EUSCIB0_IRQHandler                  
00000f23  EUSCIB1_IRQHandler                  
00000f23  EUSCIB2_IRQHandler                  
00000f23  EUSCIB3_IRQHandler                  
00000f23  FLCTL_IRQHandler                    
00000f23  FPU_IRQHandler                      
00000f23  HardFault_Handler                   
00000f23  MemManage_Handler                   
00000f23  NMI_Handler                         
00000f23  PCM_IRQHandler                      
00000f23  PORT2_IRQHandler                    
00000f23  PORT3_IRQHandler                    
00000f23  PORT4_IRQHandler                    
00000f23  PORT5_IRQHandler                    
00000f23  PORT6_IRQHandler                    
00000f23  PSS_IRQHandler                      
00000f23  PendSV_Handler                      
00000f23  RTC_C_IRQHandler                    
00000f23  SVC_Handler                         
00000f23  SysTick_Handler                     
00000f23  T32_INT1_IRQHandler                 
00000f23  T32_INT2_IRQHandler                 
00000f23  T32_INTC_IRQHandler                 
00000f23  TA0_0_IRQHandler                    
00000f23  TA0_N_IRQHandler                    
00000f23  TA1_0_IRQHandler                    
00000f23  TA1_N_IRQHandler                    
00000f23  TA2_0_IRQHandler                    
00000f23  TA2_N_IRQHandler                    
00000f23  TA3_0_IRQHandler                    
00000f23  TA3_N_IRQHandler                    
00000f23  UsageFault_Handler                  
00000f23  WDT_A_IRQHandler                    
00000f25  ADC14_enableModule                  
00000f31  REF_A_enableReferenceVoltage        
00000f3d  REF_A_enableTempSensor              
00000f49  CPU_wfi                             
00000f4d  _system_pre_init                    
00000f51  C$$EXIT                             
00000f51  abort                               
00001010  __TI_Handler_Table_Base             
0000101c  __TI_Handler_Table_Limit            
00001030  __TI_CINIT_Base                     
00001040  __TI_CINIT_Limit                    
20000000  cal30                               
20000004  calDifference                       
20000008  SystemCoreClock                     
2000000c  adc_request                         
2000fe00  __stack                             
20010000  __STACK_END                         
4000480c  WDTCTL_SYM                          
ffffffff  __TI_pprof_out_hndl                 
ffffffff  __TI_prof_data_size                 
ffffffff  __TI_prof_data_start                
ffffffff  __binit__                           
ffffffff  __c_args__                          
ffffffff  binit                               
UNDEFED   __mpu_init                          
UNDEFED   _system_post_cinit                  

[123 symbols]
