******************************************************************************
                  TI ARM Linker Unix v18.12.5                  
******************************************************************************
>> Linked Fri Oct 30 12:28:29 2020

OUTPUT FILE NAME:   <assignment3-b.out>
ENTRY POINT SYMBOL: "_c_int00_noargs"  address: 00000ce1


MEMORY CONFIGURATION

         name            origin    length      used     unused   attr    fill
----------------------  --------  ---------  --------  --------  ----  --------
  MAIN                  00000000   00040000  000010e0  0003ef20  R  X
  INFO                  00200000   00004000  00000000  00004000  R  X
  SRAM_CODE             01000000   00010000  0000020c  0000fdf4  RW X
  SRAM_DATA             20000000   00010000  0000020c  0000fdf4  RW  


SEGMENT ALLOCATION MAP

run origin  load origin   length   init length attrs members
----------  ----------- ---------- ----------- ----- -------
00000000    00000000    000010e0   000010e0    r-x
  00000000    00000000    000000e4   000000e4    r-- .intvecs
  000000e4    000000e4    00000efc   00000efc    r-x .text
  00000fe0    00000fe0    000000d0   000000d0    r-- .const
  000010b0    000010b0    00000030   00000030    r-- .cinit
20000000    20000000    0000000c   00000000    rw-
  20000000    20000000    00000008   00000000    rw- .bss
  20000008    20000008    00000004   00000000    rw- .data
2000fe00    2000fe00    00000200   00000000    rw-
  2000fe00    2000fe00    00000200   00000000    rw- .stack


SECTION ALLOCATION MAP

 output                                  attributes/
section   page    origin      length       input sections
--------  ----  ----------  ----------   ----------------
.intvecs   0    00000000    000000e4     
                  00000000    000000e4     startup_msp432p401r_ccs.obj (.intvecs:retain)

.text      0    000000e4    00000efc     
                  000000e4    00000334     system_msp432p401r.obj (.text)
                  00000418    000001e8     main.obj (.text)
                  00000600    00000160     msp432p4xx_driverlib.lib : adc14.o (.text:_getIndexForMemRegister)
                  00000760    00000144                              : timer_a.o (.text:privateTimer_AProcessClockSourceDivider)
                  000008a4    000000b4                              : adc14.o (.text:ADC14_configureConversionMemory)
                  00000958    0000009c     rtsv7M4_T_le_v4SPD16_eabi.lib : memcpy_t2.asm.obj (.text)
                  000009f4    00000080     msp432p4xx_driverlib.lib : interrupt.o (.text:Interrupt_enableInterrupt)
                  00000a74    00000068                              : timer_a.o (.text:Timer_A_configureUpMode)
                  00000adc    00000068     rtsv7M4_T_le_v4SPD16_eabi.lib : copy_decompress_lzss.c.obj (.text:decompress:lzss:__TI_decompress_lzss)
                  00000b44    00000058     msp432p4xx_driverlib.lib : adc14.o (.text:ADC14_configureSingleSampleMode)
                  00000b9c    00000054                              : adc14.o (.text:ADC14_initModule)
                  00000bf0    00000044     rtsv7M4_T_le_v4SPD16_eabi.lib : autoinit.c.obj (.text:__TI_auto_init_nobinit_nopinit:__TI_auto_init_nobinit_nopinit)
                  00000c34    00000040     msp432p4xx_driverlib.lib : gpio.o (.text:GPIO_setAsOutputPin)
                  00000c74    00000038                              : adc14.o (.text:ADC14_getEnabledInterruptStatus)
                  00000cac    00000034                              : adc14.o (.text:ADC14_enableSampleTimer)
                  00000ce0    00000034     rtsv7M4_T_le_v4SPD16_eabi.lib : boot_cortex_m.c.obj (.text:_c_int00_noargs:_c_int00_noargs)
                  00000d14    00000030     msp432p4xx_driverlib.lib : adc14.o (.text:ADC14_clearInterruptFlag)
                  00000d44    00000030                              : adc14.o (.text:ADC14_enableInterrupt)
                  00000d74    00000030                              : adc14.o (.text:ADC14_setSampleHoldTime)
                  00000da4    0000002c                              : adc14.o (.text:ADC14_getInterruptStatus)
                  00000dd0    0000002c                              : adc14.o (.text:ADC14_toggleConversionTrigger)
                  00000dfc    0000002c                              : timer_a.o (.text:Timer_A_clearCaptureCompareInterrupt)
                  00000e28    00000028                              : adc14.o (.text:ADC14_enableConversion)
                  00000e50    00000028                              : adc14.o (.text:ADC14_getResult)
                  00000e78    00000028                              : gpio.o (.text:GPIO_setOutputLowOnPin)
                  00000ea0    00000028                              : gpio.o (.text:GPIO_toggleOutputOnPin)
                  00000ec8    00000028                              : pcm.o (.text:PCM_gotoLPM0)
                  00000ef0    00000024                              : wdt_a.o (.text:WDT_A_holdTimer)
                  00000f14    00000020                              : ref_a.o (.text:REF_A_setReferenceVoltage)
                  00000f34    0000001c                              : sysctl.o (.text:SysCtl_getTempCalibrationConstant)
                  00000f50    0000001c     rtsv7M4_T_le_v4SPD16_eabi.lib : copy_zero_init.c.obj (.text:decompress:ZI:__TI_zero_init_nomemset:__TI_zero_init_nomemset)
                  00000f6c    00000016     msp432p4xx_driverlib.lib : timer_a.o (.text:Timer_A_startCounter)
                  00000f82    00000002     --HOLE-- [fill = 0]
                  00000f84    00000010                              : adc14.o (.text:ADCIsConversionRunning)
                  00000f94    0000000e     rtsv7M4_T_le_v4SPD16_eabi.lib : copy_decompress_none.c.obj (.text:decompress:none:__TI_decompress_none)
                  00000fa2    0000000e     startup_msp432p401r_ccs.obj (.text)
                  00000fb0    0000000c     msp432p4xx_driverlib.lib : adc14.o (.text:ADC14_enableModule)
                  00000fbc    0000000c                              : ref_a.o (.text:REF_A_enableReferenceVoltage)
                  00000fc8    0000000c                              : ref_a.o (.text:REF_A_enableTempSensor)
                  00000fd4    00000004                              : cpu.o (.text:CPU_wfi)
                  00000fd8    00000004     rtsv7M4_T_le_v4SPD16_eabi.lib : pre_init.c.obj (.text:_system_pre_init)
                  00000fdc    00000004                                   : exit.c.obj (.text:abort:abort)

.const     0    00000fe0    000000d0     
                  00000fe0    00000080     msp432p4xx_driverlib.lib : adc14.o (.const:_ctlRegs)
                  00001060    00000030                              : gpio.o (.const:GPIO_PORT_TO_BASE)
                  00001090    00000018     main.obj (.const:upConfig)
                  000010a8    00000008     msp432p4xx_driverlib.lib : interrupt.o (.const:g_pulEnRegs)

.cinit     0    000010b0    00000030     
                  000010b0    0000000c     (__TI_handler_table)
                  000010bc    00000004     --HOLE-- [fill = 0]
                  000010c0    00000008     (.cinit..bss.load) [load image, compression = zero_init]
                  000010c8    00000008     (.cinit..data.load) [load image, compression = lzss]
                  000010d0    00000010     (__TI_cinit_table)

.init_array 
*          0    00000000    00000000     UNINITIALIZED

.binit     0    00000000    00000000     

.bss       0    20000000    00000008     UNINITIALIZED
                  20000000    00000004     (.common:cal30)
                  20000004    00000004     (.common:calDifference)

.data      0    20000008    00000004     UNINITIALIZED
                  20000008    00000004     system_msp432p401r.obj (.data)

.stack     0    2000fe00    00000200     UNINITIALIZED
                  2000fe00    00000004     rtsv7M4_T_le_v4SPD16_eabi.lib : boot_cortex_m.c.obj (.stack)
                  2000fe04    000001fc     --HOLE--

MODULE SUMMARY

       Module                        code   ro data   rw data
       ------                        ----   -------   -------
    ./
       system_msp432p401r.obj        820    0         8      
       main.obj                      488    24        16     
       startup_msp432p401r_ccs.obj   14     228       0      
    +--+-----------------------------+------+---------+---------+
       Total:                        1322   252       24     
                                                             
    /Applications/ti/ccs930/ccs/tools/compiler/ti-cgt-arm_18.12.5.LTS/lib/rtsv7M4_T_le_v4SPD16_eabi.lib
       memcpy_t2.asm.obj             156    0         0      
       copy_decompress_lzss.c.obj    104    0         0      
       autoinit.c.obj                68     0         0      
       boot_cortex_m.c.obj           52     0         0      
       copy_zero_init.c.obj          28     0         0      
       copy_decompress_none.c.obj    14     0         0      
       exit.c.obj                    4      0         0      
       pre_init.c.obj                4      0         0      
    +--+-----------------------------+------+---------+---------+
       Total:                        430    0         0      
                                                             
    /Users/sinan/ti/simplelink_msp432p4_sdk_3_40_01_02/source/ti/devices/msp432p4xx/driverlib/ccs/msp432p4xx_driverlib.lib
       adc14.o                       1152   128       0      
       timer_a.o                     494    0         0      
       gpio.o                        144    48        0      
       interrupt.o                   128    8         0      
       ref_a.o                       56     0         0      
       pcm.o                         40     0         0      
       wdt_a.o                       36     0         0      
       sysctl.o                      28     0         0      
       cpu.o                         4      0         0      
    +--+-----------------------------+------+---------+---------+
       Total:                        2082   184       0      
                                                             
       Stack:                        0      0         1024   
       Linker Generated:             0      44        0      
    +--+-----------------------------+------+---------+---------+
       Grand Total:                  3834   480       1048   


LINKER GENERATED COPY TABLES

__TI_cinit_table @ 000010d0 records: 2, size/record: 8, table size: 16
	.bss: load addr=000010c0, load size=00000008 bytes, run addr=20000000, run size=00000008 bytes, compression=zero_init
	.data: load addr=000010c8, load size=00000008 bytes, run addr=20000008, run size=00000004 bytes, compression=lzss


LINKER GENERATED HANDLER TABLE

__TI_handler_table @ 000010b0 records: 3, size/record: 4, table size: 12
	index: 0, handler: __TI_decompress_lzss
	index: 1, handler: __TI_decompress_none
	index: 2, handler: __TI_zero_init


GLOBAL SYMBOLS: SORTED ALPHABETICALLY BY Name 

address   name                                
-------   ----                                
00000527  ADC14_IRQHandler                    
00000527  ADC14_IRQHandler                    
00000d15  ADC14_clearInterruptFlag            
000008a5  ADC14_configureConversionMemory     
00000b45  ADC14_configureSingleSampleMode     
00000e29  ADC14_enableConversion              
00000d45  ADC14_enableInterrupt               
00000fb1  ADC14_enableModule                  
00000cad  ADC14_enableSampleTimer             
00000c75  ADC14_getEnabledInterruptStatus     
00000da5  ADC14_getInterruptStatus            
00000e51  ADC14_getResult                     
00000b9d  ADC14_initModule                    
00000d75  ADC14_setSampleHoldTime             
00000dd1  ADC14_toggleConversionTrigger       
00000faf  AES256_IRQHandler                   
00000faf  BusFault_Handler                    
00000fdd  C$$EXIT                             
00000faf  COMP_E0_IRQHandler                  
00000faf  COMP_E1_IRQHandler                  
00000fd5  CPU_wfi                             
00000faf  CS_IRQHandler                       
00000faf  DMA_ERR_IRQHandler                  
00000faf  DMA_INT0_IRQHandler                 
00000faf  DMA_INT1_IRQHandler                 
00000faf  DMA_INT2_IRQHandler                 
00000faf  DMA_INT3_IRQHandler                 
00000faf  DebugMon_Handler                    
00000faf  Default_Handler                     
00000faf  EUSCIA0_IRQHandler                  
00000faf  EUSCIA1_IRQHandler                  
00000faf  EUSCIA2_IRQHandler                  
00000faf  EUSCIA3_IRQHandler                  
00000faf  EUSCIB0_IRQHandler                  
00000faf  EUSCIB1_IRQHandler                  
00000faf  EUSCIB2_IRQHandler                  
00000faf  EUSCIB3_IRQHandler                  
00000faf  FLCTL_IRQHandler                    
00000faf  FPU_IRQHandler                      
00000c35  GPIO_setAsOutputPin                 
00000e79  GPIO_setOutputLowOnPin              
00000ea1  GPIO_toggleOutputOnPin              
00000faf  HardFault_Handler                   
000009f5  Interrupt_enableInterrupt           
00000faf  MemManage_Handler                   
00000faf  NMI_Handler                         
00000faf  PCM_IRQHandler                      
00000ec9  PCM_gotoLPM0                        
00000faf  PORT1_IRQHandler                    
00000faf  PORT2_IRQHandler                    
00000faf  PORT3_IRQHandler                    
00000faf  PORT4_IRQHandler                    
00000faf  PORT5_IRQHandler                    
00000faf  PORT6_IRQHandler                    
00000faf  PSS_IRQHandler                      
00000faf  PendSV_Handler                      
00000fbd  REF_A_enableReferenceVoltage        
00000fc9  REF_A_enableTempSensor              
00000f15  REF_A_setReferenceVoltage           
00000faf  RTC_C_IRQHandler                    
00000fa3  Reset_Handler                       
00000faf  SVC_Handler                         
00000f35  SysCtl_getTempCalibrationConstant   
00000faf  SysTick_Handler                     
20000008  SystemCoreClock                     
000000e5  SystemCoreClockUpdate               
0000035d  SystemInit                          
00000faf  T32_INT1_IRQHandler                 
00000faf  T32_INT2_IRQHandler                 
00000faf  T32_INTC_IRQHandler                 
000005db  TA0_0_IRQHandler                    
000005db  TA0_0_IRQHandler                    
00000faf  TA0_N_IRQHandler                    
00000faf  TA1_0_IRQHandler                    
00000faf  TA1_N_IRQHandler                    
00000faf  TA2_0_IRQHandler                    
00000faf  TA2_N_IRQHandler                    
00000faf  TA3_0_IRQHandler                    
00000faf  TA3_N_IRQHandler                    
00000dfd  Timer_A_clearCaptureCompareInterrupt
00000a75  Timer_A_configureUpMode             
00000f6d  Timer_A_startCounter                
00000faf  UsageFault_Handler                  
4000480c  WDTCTL_SYM                          
00000faf  WDT_A_IRQHandler                    
00000ef1  WDT_A_holdTimer                     
0000049b  _ADCConfigure                       
20010000  __STACK_END                         
00000200  __STACK_SIZE                        
000010d0  __TI_CINIT_Base                     
000010e0  __TI_CINIT_Limit                    
000010b0  __TI_Handler_Table_Base             
000010bc  __TI_Handler_Table_Limit            
00000bf1  __TI_auto_init_nobinit_nopinit      
00000add  __TI_decompress_lzss                
00000f95  __TI_decompress_none                
ffffffff  __TI_pprof_out_hndl                 
ffffffff  __TI_prof_data_size                 
ffffffff  __TI_prof_data_start                
00000000  __TI_static_base__                  
00000f51  __TI_zero_init_nomemset             
00000959  __aeabi_memcpy                      
00000959  __aeabi_memcpy4                     
00000959  __aeabi_memcpy8                     
ffffffff  __binit__                           
ffffffff  __c_args__                          
UNDEFED   __mpu_init                          
2000fe00  __stack                             
00000ce1  _c_int00_noargs                     
00000457  _portConfigure                      
UNDEFED   _system_post_cinit                  
00000fd9  _system_pre_init                    
00000419  _temperatureConfigure               
000004ed  _timerUpModeConfigure               
00000fdd  abort                               
ffffffff  binit                               
20000000  cal30                               
20000004  calDifference                       
00000000  interruptVectors                    
0000050b  main                                
00000959  memcpy                              
00001090  upConfig                            


GLOBAL SYMBOLS: SORTED BY Symbol Address 

address   name                                
-------   ----                                
00000000  __TI_static_base__                  
00000000  interruptVectors                    
000000e5  SystemCoreClockUpdate               
00000200  __STACK_SIZE                        
0000035d  SystemInit                          
00000419  _temperatureConfigure               
00000457  _portConfigure                      
0000049b  _ADCConfigure                       
000004ed  _timerUpModeConfigure               
0000050b  main                                
00000527  ADC14_IRQHandler                    
00000527  ADC14_IRQHandler                    
000005db  TA0_0_IRQHandler                    
000005db  TA0_0_IRQHandler                    
000008a5  ADC14_configureConversionMemory     
00000959  __aeabi_memcpy                      
00000959  __aeabi_memcpy4                     
00000959  __aeabi_memcpy8                     
00000959  memcpy                              
000009f5  Interrupt_enableInterrupt           
00000a75  Timer_A_configureUpMode             
00000add  __TI_decompress_lzss                
00000b45  ADC14_configureSingleSampleMode     
00000b9d  ADC14_initModule                    
00000bf1  __TI_auto_init_nobinit_nopinit      
00000c35  GPIO_setAsOutputPin                 
00000c75  ADC14_getEnabledInterruptStatus     
00000cad  ADC14_enableSampleTimer             
00000ce1  _c_int00_noargs                     
00000d15  ADC14_clearInterruptFlag            
00000d45  ADC14_enableInterrupt               
00000d75  ADC14_setSampleHoldTime             
00000da5  ADC14_getInterruptStatus            
00000dd1  ADC14_toggleConversionTrigger       
00000dfd  Timer_A_clearCaptureCompareInterrupt
00000e29  ADC14_enableConversion              
00000e51  ADC14_getResult                     
00000e79  GPIO_setOutputLowOnPin              
00000ea1  GPIO_toggleOutputOnPin              
00000ec9  PCM_gotoLPM0                        
00000ef1  WDT_A_holdTimer                     
00000f15  REF_A_setReferenceVoltage           
00000f35  SysCtl_getTempCalibrationConstant   
00000f51  __TI_zero_init_nomemset             
00000f6d  Timer_A_startCounter                
00000f95  __TI_decompress_none                
00000fa3  Reset_Handler                       
00000faf  AES256_IRQHandler                   
00000faf  BusFault_Handler                    
00000faf  COMP_E0_IRQHandler                  
00000faf  COMP_E1_IRQHandler                  
00000faf  CS_IRQHandler                       
00000faf  DMA_ERR_IRQHandler                  
00000faf  DMA_INT0_IRQHandler                 
00000faf  DMA_INT1_IRQHandler                 
00000faf  DMA_INT2_IRQHandler                 
00000faf  DMA_INT3_IRQHandler                 
00000faf  DebugMon_Handler                    
00000faf  Default_Handler                     
00000faf  EUSCIA0_IRQHandler                  
00000faf  EUSCIA1_IRQHandler                  
00000faf  EUSCIA2_IRQHandler                  
00000faf  EUSCIA3_IRQHandler                  
00000faf  EUSCIB0_IRQHandler                  
00000faf  EUSCIB1_IRQHandler                  
00000faf  EUSCIB2_IRQHandler                  
00000faf  EUSCIB3_IRQHandler                  
00000faf  FLCTL_IRQHandler                    
00000faf  FPU_IRQHandler                      
00000faf  HardFault_Handler                   
00000faf  MemManage_Handler                   
00000faf  NMI_Handler                         
00000faf  PCM_IRQHandler                      
00000faf  PORT1_IRQHandler                    
00000faf  PORT2_IRQHandler                    
00000faf  PORT3_IRQHandler                    
00000faf  PORT4_IRQHandler                    
00000faf  PORT5_IRQHandler                    
00000faf  PORT6_IRQHandler                    
00000faf  PSS_IRQHandler                      
00000faf  PendSV_Handler                      
00000faf  RTC_C_IRQHandler                    
00000faf  SVC_Handler                         
00000faf  SysTick_Handler                     
00000faf  T32_INT1_IRQHandler                 
00000faf  T32_INT2_IRQHandler                 
00000faf  T32_INTC_IRQHandler                 
00000faf  TA0_N_IRQHandler                    
00000faf  TA1_0_IRQHandler                    
00000faf  TA1_N_IRQHandler                    
00000faf  TA2_0_IRQHandler                    
00000faf  TA2_N_IRQHandler                    
00000faf  TA3_0_IRQHandler                    
00000faf  TA3_N_IRQHandler                    
00000faf  UsageFault_Handler                  
00000faf  WDT_A_IRQHandler                    
00000fb1  ADC14_enableModule                  
00000fbd  REF_A_enableReferenceVoltage        
00000fc9  REF_A_enableTempSensor              
00000fd5  CPU_wfi                             
00000fd9  _system_pre_init                    
00000fdd  C$$EXIT                             
00000fdd  abort                               
00001090  upConfig                            
000010b0  __TI_Handler_Table_Base             
000010bc  __TI_Handler_Table_Limit            
000010d0  __TI_CINIT_Base                     
000010e0  __TI_CINIT_Limit                    
20000000  cal30                               
20000004  calDifference                       
20000008  SystemCoreClock                     
2000fe00  __stack                             
20010000  __STACK_END                         
4000480c  WDTCTL_SYM                          
ffffffff  __TI_pprof_out_hndl                 
ffffffff  __TI_prof_data_size                 
ffffffff  __TI_prof_data_start                
ffffffff  __binit__                           
ffffffff  __c_args__                          
ffffffff  binit                               
UNDEFED   __mpu_init                          
UNDEFED   _system_post_cinit                  

[122 symbols]
